<?xml version="1.0"?>
<link_info>
   <banner>TI ARM Linker PC v5.2.5</banner>
   <copyright>Copyright (c) 1996-2015 Texas Instruments Incorporated</copyright>
   <link_time>0x57f69408</link_time>
   <link_errors>0x0</link_errors>
   <output_file>art-logger_final.out</output_file>
   <entry_point>
      <name>_c_int00</name>
      <address>0x7ac1</address>
   </entry_point>
   <input_file_list>
      <input_file id="fl-2">
         <path>.\</path>
         <kind>object</kind>
         <file>ak8975.obj</file>
         <name>ak8975.obj</name>
      </input_file>
      <input_file id="fl-3">
         <path>.\</path>
         <kind>object</kind>
         <file>art-logger_main.obj</file>
         <name>art-logger_main.obj</name>
      </input_file>
      <input_file id="fl-4">
         <path>.\</path>
         <kind>object</kind>
         <file>comp_dcm.obj</file>
         <name>comp_dcm.obj</name>
      </input_file>
      <input_file id="fl-5">
         <path>.\</path>
         <kind>object</kind>
         <file>ff.obj</file>
         <name>ff.obj</name>
      </input_file>
      <input_file id="fl-6">
         <path>.\</path>
         <kind>object</kind>
         <file>i2cm_drv.obj</file>
         <name>i2cm_drv.obj</name>
      </input_file>
      <input_file id="fl-7">
         <path>.\</path>
         <kind>object</kind>
         <file>mmc-ek-tm4c1294xl.obj</file>
         <name>mmc-ek-tm4c1294xl.obj</name>
      </input_file>
      <input_file id="fl-8">
         <path>.\</path>
         <kind>object</kind>
         <file>mpu9150.obj</file>
         <name>mpu9150.obj</name>
      </input_file>
      <input_file id="fl-9">
         <path>.\</path>
         <kind>object</kind>
         <file>tm4c1294ncpdt_startup_ccs.obj</file>
         <name>tm4c1294ncpdt_startup_ccs.obj</name>
      </input_file>
      <input_file id="fl-a">
         <path>.\</path>
         <kind>object</kind>
         <file>uartstdio.obj</file>
         <name>uartstdio.obj</name>
      </input_file>
      <input_file id="fl-b">
         <path>.\</path>
         <kind>object</kind>
         <file>ustdlib.obj</file>
         <name>ustdlib.obj</name>
      </input_file>
      <input_file id="fl-12">
         <path>C:\ti\TivaWare_C_Series-2.1.2.111\driverlib\ccs\Debug\</path>
         <kind>archive</kind>
         <file>driverlib.lib</file>
         <name>can.obj</name>
      </input_file>
      <input_file id="fl-13">
         <path>C:\ti\TivaWare_C_Series-2.1.2.111\driverlib\ccs\Debug\</path>
         <kind>archive</kind>
         <file>driverlib.lib</file>
         <name>gpio.obj</name>
      </input_file>
      <input_file id="fl-14">
         <path>C:\ti\TivaWare_C_Series-2.1.2.111\driverlib\ccs\Debug\</path>
         <kind>archive</kind>
         <file>driverlib.lib</file>
         <name>interrupt.obj</name>
      </input_file>
      <input_file id="fl-15">
         <path>C:\ti\TivaWare_C_Series-2.1.2.111\driverlib\ccs\Debug\</path>
         <kind>archive</kind>
         <file>driverlib.lib</file>
         <name>sysctl.obj</name>
      </input_file>
      <input_file id="fl-16">
         <path>C:\ti\TivaWare_C_Series-2.1.2.111\driverlib\ccs\Debug\</path>
         <kind>archive</kind>
         <file>driverlib.lib</file>
         <name>cpu.obj</name>
      </input_file>
      <input_file id="fl-17">
         <path>C:\ti\TivaWare_C_Series-2.1.2.111\sensorlib\ccs\Debug\</path>
         <kind>archive</kind>
         <file>sensorlib.lib</file>
         <name>vector.obj</name>
      </input_file>
      <input_file id="fl-139">
         <path>C:\ti\ccsv6\tools\compiler\ti-cgt-arm_5.2.5\lib\</path>
         <kind>archive</kind>
         <file>rtsv7M4_T_le_v4SPD16_eabi.lib</file>
         <name>asinf.obj</name>
      </input_file>
      <input_file id="fl-13a">
         <path>C:\ti\ccsv6\tools\compiler\ti-cgt-arm_5.2.5\lib\</path>
         <kind>archive</kind>
         <file>rtsv7M4_T_le_v4SPD16_eabi.lib</file>
         <name>atan2f.obj</name>
      </input_file>
      <input_file id="fl-13b">
         <path>C:\ti\ccsv6\tools\compiler\ti-cgt-arm_5.2.5\lib\</path>
         <kind>archive</kind>
         <file>rtsv7M4_T_le_v4SPD16_eabi.lib</file>
         <name>boot.obj</name>
      </input_file>
      <input_file id="fl-13c">
         <path>C:\ti\ccsv6\tools\compiler\ti-cgt-arm_5.2.5\lib\</path>
         <kind>archive</kind>
         <file>rtsv7M4_T_le_v4SPD16_eabi.lib</file>
         <name>copy_decompress_none.obj</name>
      </input_file>
      <input_file id="fl-13d">
         <path>C:\ti\ccsv6\tools\compiler\ti-cgt-arm_5.2.5\lib\</path>
         <kind>archive</kind>
         <file>rtsv7M4_T_le_v4SPD16_eabi.lib</file>
         <name>copy_decompress_rle.obj</name>
      </input_file>
      <input_file id="fl-13e">
         <path>C:\ti\ccsv6\tools\compiler\ti-cgt-arm_5.2.5\lib\</path>
         <kind>archive</kind>
         <file>rtsv7M4_T_le_v4SPD16_eabi.lib</file>
         <name>copy_zero_init.obj</name>
      </input_file>
      <input_file id="fl-13f">
         <path>C:\ti\ccsv6\tools\compiler\ti-cgt-arm_5.2.5\lib\</path>
         <kind>archive</kind>
         <file>rtsv7M4_T_le_v4SPD16_eabi.lib</file>
         <name>exit.obj</name>
      </input_file>
      <input_file id="fl-140">
         <path>C:\ti\ccsv6\tools\compiler\ti-cgt-arm_5.2.5\lib\</path>
         <kind>archive</kind>
         <file>rtsv7M4_T_le_v4SPD16_eabi.lib</file>
         <name>fd_add_t2.obj</name>
      </input_file>
      <input_file id="fl-141">
         <path>C:\ti\ccsv6\tools\compiler\ti-cgt-arm_5.2.5\lib\</path>
         <kind>archive</kind>
         <file>rtsv7M4_T_le_v4SPD16_eabi.lib</file>
         <name>fd_mul_t2.obj</name>
      </input_file>
      <input_file id="fl-142">
         <path>C:\ti\ccsv6\tools\compiler\ti-cgt-arm_5.2.5\lib\</path>
         <kind>archive</kind>
         <file>rtsv7M4_T_le_v4SPD16_eabi.lib</file>
         <name>fd_tos_t2.obj</name>
      </input_file>
      <input_file id="fl-143">
         <path>C:\ti\ccsv6\tools\compiler\ti-cgt-arm_5.2.5\lib\</path>
         <kind>archive</kind>
         <file>rtsv7M4_T_le_v4SPD16_eabi.lib</file>
         <name>fs_tod_t2.obj</name>
      </input_file>
      <input_file id="fl-144">
         <path>C:\ti\ccsv6\tools\compiler\ti-cgt-arm_5.2.5\lib\</path>
         <kind>archive</kind>
         <file>rtsv7M4_T_le_v4SPD16_eabi.lib</file>
         <name>memcpy_t2.obj</name>
      </input_file>
      <input_file id="fl-145">
         <path>C:\ti\ccsv6\tools\compiler\ti-cgt-arm_5.2.5\lib\</path>
         <kind>archive</kind>
         <file>rtsv7M4_T_le_v4SPD16_eabi.lib</file>
         <name>memset_t2.obj</name>
      </input_file>
      <input_file id="fl-146">
         <path>C:\ti\ccsv6\tools\compiler\ti-cgt-arm_5.2.5\lib\</path>
         <kind>archive</kind>
         <file>rtsv7M4_T_le_v4SPD16_eabi.lib</file>
         <name>pre_init.obj</name>
      </input_file>
      <input_file id="fl-147">
         <path>C:\ti\ccsv6\tools\compiler\ti-cgt-arm_5.2.5\lib\</path>
         <kind>archive</kind>
         <file>rtsv7M4_T_le_v4SPD16_eabi.lib</file>
         <name>sqrtf.obj</name>
      </input_file>
      <input_file id="fl-148">
         <path>C:\ti\ccsv6\tools\compiler\ti-cgt-arm_5.2.5\lib\</path>
         <kind>archive</kind>
         <file>rtsv7M4_T_le_v4SPD16_eabi.lib</file>
         <name>stkdepth_vars.obj</name>
      </input_file>
      <input_file id="fl-149">
         <path>C:\ti\ccsv6\tools\compiler\ti-cgt-arm_5.2.5\lib\</path>
         <kind>archive</kind>
         <file>rtsv7M4_T_le_v4SPD16_eabi.lib</file>
         <name>strcmp.obj</name>
      </input_file>
      <input_file id="fl-14a">
         <path>C:\ti\ccsv6\tools\compiler\ti-cgt-arm_5.2.5\lib\</path>
         <kind>archive</kind>
         <file>rtsv7M4_T_le_v4SPD16_eabi.lib</file>
         <name>u_divt2.obj</name>
      </input_file>
      <input_file id="fl-14b">
         <path>C:\ti\ccsv6\tools\compiler\ti-cgt-arm_5.2.5\lib\</path>
         <kind>archive</kind>
         <file>rtsv7M4_T_le_v4SPD16_eabi.lib</file>
         <name>xfatan.obj</name>
      </input_file>
      <input_file id="fl-14c">
         <path>C:\ti\ccsv6\tools\compiler\ti-cgt-arm_5.2.5\lib\</path>
         <kind>archive</kind>
         <file>rtsv7M4_T_le_v4SPD16_eabi.lib</file>
         <name>xfdclass.obj</name>
      </input_file>
      <input_file id="fl-14d">
         <path>C:\ti\ccsv6\tools\compiler\ti-cgt-arm_5.2.5\lib\</path>
         <kind>archive</kind>
         <file>rtsv7M4_T_le_v4SPD16_eabi.lib</file>
         <name>xferaise.obj</name>
      </input_file>
      <input_file id="fl-14e">
         <path>C:\ti\ccsv6\tools\compiler\ti-cgt-arm_5.2.5\lib\</path>
         <kind>archive</kind>
         <file>rtsv7M4_T_le_v4SPD16_eabi.lib</file>
         <name>xfvalues.obj</name>
      </input_file>
      <input_file id="fl-14f">
         <path>C:\ti\ccsv6\tools\compiler\ti-cgt-arm_5.2.5\lib\</path>
         <kind>archive</kind>
         <file>rtsv7M4_T_le_v4SPD16_eabi.lib</file>
         <name>_lock.obj</name>
      </input_file>
      <input_file id="fl-150">
         <path>C:\ti\ccsv6\tools\compiler\ti-cgt-arm_5.2.5\lib\</path>
         <kind>archive</kind>
         <file>rtsv7M4_T_le_v4SPD16_eabi.lib</file>
         <name>args_main.obj</name>
      </input_file>
      <input_file id="fl-151">
         <path>C:\ti\ccsv6\tools\compiler\ti-cgt-arm_5.2.5\lib\</path>
         <kind>archive</kind>
         <file>rtsv7M4_T_le_v4SPD16_eabi.lib</file>
         <name>autoinit.obj</name>
      </input_file>
      <input_file id="fl-152">
         <path>C:\ti\ccsv6\tools\compiler\ti-cgt-arm_5.2.5\lib\</path>
         <kind>archive</kind>
         <file>rtsv7M4_T_le_v4SPD16_eabi.lib</file>
         <name>cpy_tbl.obj</name>
      </input_file>
      <input_file id="fl-153">
         <path>C:\ti\ccsv6\tools\compiler\ti-cgt-arm_5.2.5\lib\</path>
         <kind>archive</kind>
         <file>rtsv7M4_T_le_v4SPD16_eabi.lib</file>
         <name>errno.obj</name>
      </input_file>
      <input_file id="fl-154">
         <path>C:\ti\ccsv6\tools\compiler\ti-cgt-arm_5.2.5\lib\</path>
         <kind>archive</kind>
         <file>rtsv7M4_T_le_v4SPD16_eabi.lib</file>
         <name>feraiseexcept.obj</name>
      </input_file>
      <input_file id="fl-155">
         <path>C:\ti\ccsv6\tools\compiler\ti-cgt-arm_5.2.5\lib\</path>
         <kind>archive</kind>
         <file>rtsv7M4_T_le_v4SPD16_eabi.lib</file>
         <name>i_div0.obj</name>
      </input_file>
      <input_file id="fl-156">
         <path>C:\ti\ccsv6\tools\compiler\ti-cgt-arm_5.2.5\lib\</path>
         <kind>archive</kind>
         <file>rtsv7M4_T_le_v4SPD16_eabi.lib</file>
         <name>raise.obj</name>
      </input_file>
      <input_file id="fl-157">
         <path>C:\ti\ccsv6\tools\compiler\ti-cgt-arm_5.2.5\lib\</path>
         <kind>archive</kind>
         <file>rtsv7M4_T_le_v4SPD16_eabi.lib</file>
         <name>signal.obj</name>
      </input_file>
   </input_file_list>
   <object_component_list>
      <object_component id="oc-f">
         <name>.intvecs</name>
         <load_address>0x0</load_address>
         <run_address>0x0</run_address>
         <size>0x208</size>
         <input_file_ref idref="fl-9"/>
      </object_component>
      <object_component id="oc-f7">
         <name>.text</name>
         <load_address>0x208</load_address>
         <run_address>0x208</run_address>
         <size>0x2ed4</size>
         <input_file_ref idref="fl-5"/>
      </object_component>
      <object_component id="oc-30">
         <name>.text</name>
         <load_address>0x30dc</load_address>
         <run_address>0x30dc</run_address>
         <size>0x1bf8</size>
         <input_file_ref idref="fl-3"/>
      </object_component>
      <object_component id="oc-97">
         <name>.text</name>
         <load_address>0x4cd4</load_address>
         <run_address>0x4cd4</run_address>
         <size>0xcd8</size>
         <input_file_ref idref="fl-6"/>
      </object_component>
      <object_component id="oc-1eb">
         <name>.text</name>
         <load_address>0x59ac</load_address>
         <run_address>0x59ac</run_address>
         <size>0xa10</size>
         <input_file_ref idref="fl-7"/>
      </object_component>
      <object_component id="oc-91">
         <name>.text</name>
         <load_address>0x63bc</load_address>
         <run_address>0x63bc</run_address>
         <size>0x95c</size>
         <input_file_ref idref="fl-8"/>
      </object_component>
      <object_component id="oc-7b">
         <name>.text</name>
         <load_address>0x6d18</load_address>
         <run_address>0x6d18</run_address>
         <size>0x4dc</size>
         <input_file_ref idref="fl-a"/>
      </object_component>
      <object_component id="oc-107">
         <name>.text:SysCtlClockFreqSet</name>
         <load_address>0x71f4</load_address>
         <run_address>0x71f4</run_address>
         <size>0x204</size>
         <input_file_ref idref="fl-15"/>
      </object_component>
      <object_component id="oc-cc">
         <name>.text:CANMessageSet</name>
         <load_address>0x73f8</load_address>
         <run_address>0x73f8</run_address>
         <size>0x136</size>
         <input_file_ref idref="fl-12"/>
      </object_component>
      <object_component id="oc-1ba">
         <name>.text:GPIOPadConfigSet</name>
         <load_address>0x752e</load_address>
         <run_address>0x752e</run_address>
         <size>0x132</size>
         <input_file_ref idref="fl-13"/>
      </object_component>
      <object_component id="oc-e6">
         <name>.text:CANMessageGet</name>
         <load_address>0x7660</load_address>
         <run_address>0x7660</run_address>
         <size>0x10e</size>
         <input_file_ref idref="fl-12"/>
      </object_component>
      <object_component id="oc-193">
         <name>.text</name>
         <load_address>0x776e</load_address>
         <run_address>0x776e</run_address>
         <size>0xfc</size>
         <input_file_ref idref="fl-141"/>
      </object_component>
      <object_component id="oc-39">
         <name>.text</name>
         <load_address>0x786a</load_address>
         <run_address>0x786a</run_address>
         <size>0x9c</size>
         <input_file_ref idref="fl-144"/>
      </object_component>
      <object_component id="oc-52">
         <name>.text</name>
         <load_address>0x7906</load_address>
         <run_address>0x7906</run_address>
         <size>0x7a</size>
         <input_file_ref idref="fl-145"/>
      </object_component>
      <object_component id="oc-64">
         <name>.text</name>
         <load_address>0x7980</load_address>
         <run_address>0x7980</run_address>
         <size>0x6c</size>
         <input_file_ref idref="fl-151"/>
      </object_component>
      <object_component id="oc-45">
         <name>.text</name>
         <load_address>0x79ec</load_address>
         <run_address>0x79ec</run_address>
         <size>0x6a</size>
         <input_file_ref idref="fl-13d"/>
      </object_component>
      <object_component id="oc-23f">
         <name>.text</name>
         <load_address>0x7a56</load_address>
         <run_address>0x7a56</run_address>
         <size>0x2</size>
         <input_file_ref idref="fl-155"/>
      </object_component>
      <object_component id="oc-f0">
         <name>.text:IntDisable</name>
         <load_address>0x7a58</load_address>
         <run_address>0x7a58</run_address>
         <size>0x68</size>
         <input_file_ref idref="fl-14"/>
      </object_component>
      <object_component id="oc-24">
         <name>.text</name>
         <load_address>0x7ac0</load_address>
         <run_address>0x7ac0</run_address>
         <size>0x50</size>
         <input_file_ref idref="fl-13b"/>
      </object_component>
      <object_component id="oc-141">
         <name>.text</name>
         <load_address>0x7b10</load_address>
         <run_address>0x7b10</run_address>
         <size>0x4c</size>
         <input_file_ref idref="fl-152"/>
      </object_component>
      <object_component id="oc-a3">
         <name>.text:GPIOPinConfigure</name>
         <load_address>0x7b5c</load_address>
         <run_address>0x7b5c</run_address>
         <size>0x48</size>
         <input_file_ref idref="fl-13"/>
      </object_component>
      <object_component id="oc-207">
         <name>.text:_SysCtlFrequencyGet</name>
         <load_address>0x7ba4</load_address>
         <run_address>0x7ba4</run_address>
         <size>0x48</size>
         <input_file_ref idref="fl-15"/>
      </object_component>
      <object_component id="oc-198">
         <name>.text</name>
         <load_address>0x7bec</load_address>
         <run_address>0x7bec</run_address>
         <size>0x48</size>
         <input_file_ref idref="fl-142"/>
      </object_component>
      <object_component id="oc-70">
         <name>.text</name>
         <load_address>0x7c34</load_address>
         <run_address>0x7c34</run_address>
         <size>0x44</size>
         <input_file_ref idref="fl-13f"/>
      </object_component>
      <object_component id="oc-15c">
         <name>.text</name>
         <load_address>0x7c78</load_address>
         <run_address>0x7c78</run_address>
         <size>0x40</size>
         <input_file_ref idref="fl-14a"/>
      </object_component>
      <object_component id="oc-d7">
         <name>.text</name>
         <load_address>0x7cb8</load_address>
         <run_address>0x7cb8</run_address>
         <size>0x38</size>
         <input_file_ref idref="fl-143"/>
      </object_component>
      <object_component id="oc-182">
         <name>.text:I2CMRead</name>
         <load_address>0x7cf0</load_address>
         <run_address>0x7cf0</run_address>
         <size>0x36</size>
         <input_file_ref idref="fl-2"/>
      </object_component>
      <object_component id="oc-189">
         <name>.text:I2CMWrite</name>
         <load_address>0x7d26</load_address>
         <run_address>0x7d26</run_address>
         <size>0x36</size>
         <input_file_ref idref="fl-2"/>
      </object_component>
      <object_component id="oc-1a5">
         <name>.text:I2CMWriteBatched</name>
         <load_address>0x7d5c</load_address>
         <run_address>0x7d5c</run_address>
         <size>0x36</size>
         <input_file_ref idref="fl-2"/>
      </object_component>
      <object_component id="oc-9d">
         <name>.text:SysCtlPeripheralEnable</name>
         <load_address>0x7d94</load_address>
         <run_address>0x7d94</run_address>
         <size>0x34</size>
         <input_file_ref idref="fl-15"/>
      </object_component>
      <object_component id="oc-1b4">
         <name>.text:GPIODirModeSet</name>
         <load_address>0x7dc8</load_address>
         <run_address>0x7dc8</run_address>
         <size>0x2a</size>
         <input_file_ref idref="fl-13"/>
      </object_component>
      <object_component id="oc-1df">
         <name>.text:_CANDataRegRead</name>
         <load_address>0x7df2</load_address>
         <run_address>0x7df2</run_address>
         <size>0x2a</size>
         <input_file_ref idref="fl-12"/>
      </object_component>
      <object_component id="oc-1d0">
         <name>.text:_CANDataRegWrite</name>
         <load_address>0x7e1c</load_address>
         <run_address>0x7e1c</run_address>
         <size>0x24</size>
         <input_file_ref idref="fl-12"/>
      </object_component>
      <object_component id="oc-201">
         <name>.text:_SysCtlMemTimingGet</name>
         <load_address>0x7e40</load_address>
         <run_address>0x7e40</run_address>
         <size>0x20</size>
         <input_file_ref idref="fl-15"/>
      </object_component>
      <object_component id="oc-6a">
         <name>.text</name>
         <load_address>0x7e60</load_address>
         <run_address>0x7e60</run_address>
         <size>0x18</size>
         <input_file_ref idref="fl-150"/>
      </object_component>
      <object_component id="oc-e0">
         <name>.text</name>
         <load_address>0x7e78</load_address>
         <run_address>0x7e78</run_address>
         <size>0x18</size>
         <input_file_ref idref="fl-149"/>
      </object_component>
      <object_component id="oc-22c">
         <name>.text</name>
         <load_address>0x7e90</load_address>
         <run_address>0x7e90</run_address>
         <size>0x14</size>
         <input_file_ref idref="fl-14f"/>
      </object_component>
      <object_component id="oc-bf">
         <name>.text:GPIOPinTypeCAN</name>
         <load_address>0x7ea4</load_address>
         <run_address>0x7ea4</run_address>
         <size>0x12</size>
         <input_file_ref idref="fl-13"/>
      </object_component>
      <object_component id="oc-af">
         <name>.text:GPIOPinTypeI2C</name>
         <load_address>0x7eb6</load_address>
         <run_address>0x7eb6</run_address>
         <size>0x12</size>
         <input_file_ref idref="fl-13"/>
      </object_component>
      <object_component id="oc-a9">
         <name>.text:GPIOPinTypeI2CSCL</name>
         <load_address>0x7ec8</load_address>
         <run_address>0x7ec8</run_address>
         <size>0x12</size>
         <input_file_ref idref="fl-13"/>
      </object_component>
      <object_component id="oc-12">
         <name>.text:decompress:none</name>
         <load_address>0x7eda</load_address>
         <run_address>0x7eda</run_address>
         <size>0xe</size>
         <input_file_ref idref="fl-13c"/>
      </object_component>
      <object_component id="oc-19f">
         <name>.text:IntTrigger</name>
         <load_address>0x7ee8</load_address>
         <run_address>0x7ee8</run_address>
         <size>0xc</size>
         <input_file_ref idref="fl-14"/>
      </object_component>
      <object_component id="oc-1e">
         <name>.text:decompress:ZI</name>
         <load_address>0x7ef4</load_address>
         <run_address>0x7ef4</run_address>
         <size>0xc</size>
         <input_file_ref idref="fl-13e"/>
      </object_component>
      <object_component id="oc-2a">
         <name>.text</name>
         <load_address>0x7f00</load_address>
         <run_address>0x7f00</run_address>
         <size>0xc</size>
         <input_file_ref idref="fl-9"/>
      </object_component>
      <object_component id="oc-8b">
         <name>.text:GPIOIntClear</name>
         <load_address>0x7f0c</load_address>
         <run_address>0x7f0c</run_address>
         <size>0x6</size>
         <input_file_ref idref="fl-13"/>
      </object_component>
      <object_component id="oc-df">
         <name>.text:SysCtlDelay</name>
         <load_address>0x7f12</load_address>
         <run_address>0x7f12</run_address>
         <size>0x6</size>
         <input_file_ref idref="fl-15"/>
      </object_component>
      <object_component id="oc-18">
         <name>.text:decompress:rle24</name>
         <load_address>0x7f18</load_address>
         <run_address>0x7f18</run_address>
         <size>0x6</size>
         <input_file_ref idref="fl-13d"/>
      </object_component>
      <object_component id="oc-5e">
         <name>.text</name>
         <load_address>0x7f1e</load_address>
         <run_address>0x7f1e</run_address>
         <size>0x4</size>
         <input_file_ref idref="fl-146"/>
      </object_component>
      <object_component id="oc-210">
         <name>.const:g_pppui32XTALtoVCO</name>
         <load_address>0x7f24</load_address>
         <run_address>0x7f24</run_address>
         <size>0x120</size>
         <input_file_ref idref="fl-15"/>
      </object_component>
      <object_component id="oc-1b0">
         <name>.const:g_pui32GPIOBaseAddrs</name>
         <load_address>0x8044</load_address>
         <run_address>0x8044</run_address>
         <size>0x90</size>
         <input_file_ref idref="fl-13"/>
      </object_component>
      <object_component id="oc-1e6">
         <name>.const</name>
         <load_address>0x80d4</load_address>
         <run_address>0x80d4</run_address>
         <size>0x70</size>
         <input_file_ref idref="fl-14"/>
      </object_component>
      <object_component id="oc-20d">
         <name>.const:g_pui32Xtals</name>
         <load_address>0x8144</load_address>
         <run_address>0x8144</run_address>
         <size>0x6c</size>
         <input_file_ref idref="fl-15"/>
      </object_component>
      <object_component id="oc-279">
         <name>.const:g_sXTALtoMEMTIM</name>
         <load_address>0x81b0</load_address>
         <run_address>0x81b0</run_address>
         <size>0x30</size>
         <input_file_ref idref="fl-15"/>
      </object_component>
      <object_component id="oc-190">
         <name>.const</name>
         <load_address>0x81e0</load_address>
         <run_address>0x81e0</run_address>
         <size>0x20</size>
         <input_file_ref idref="fl-8"/>
      </object_component>
      <object_component id="oc-156">
         <name>.const</name>
         <load_address>0x8200</load_address>
         <run_address>0x8200</run_address>
         <size>0x1c</size>
         <input_file_ref idref="fl-a"/>
      </object_component>
      <object_component id="oc-23a">
         <name>.const:.string</name>
         <load_address>0x821c</load_address>
         <run_address>0x821c</run_address>
         <size>0x12</size>
         <input_file_ref idref="fl-a"/>
      </object_component>
      <object_component id="oc-213">
         <name>.const</name>
         <load_address>0x8230</load_address>
         <run_address>0x8230</run_address>
         <size>0x8</size>
         <input_file_ref idref="fl-15"/>
      </object_component>
      <object_component id="oc-2ba">
         <name>.cinit..data.load</name>
         <load_address>0x8238</load_address>
         <run_address>0x8238</run_address>
         <size>0x53</size>
      </object_component>
      <object_component id="oc-2b8">
         <name>__TI_handler_table</name>
         <load_address>0x828c</load_address>
         <run_address>0x828c</run_address>
         <size>0xc</size>
      </object_component>
      <object_component id="oc-2bb">
         <name>.cinit..bss.load</name>
         <load_address>0x8298</load_address>
         <run_address>0x8298</run_address>
         <size>0x8</size>
      </object_component>
      <object_component id="oc-2b9">
         <name>__TI_cinit_table</name>
         <load_address>0x82a0</load_address>
         <run_address>0x82a0</run_address>
         <size>0x10</size>
      </object_component>
      <object_component id="oc-29">
         <name>.stack</name>
         <uninitialized>true</uninitialized>
         <run_address>0x20000000</run_address>
         <size>0x0</size>
         <input_file_ref idref="fl-13b"/>
      </object_component>
      <object_component id="oc-2bc">
         <name>.stack</name>
         <uninitialized>true</uninitialized>
         <run_address>0x20000000</run_address>
         <size>0x0</size>
      </object_component>
      <object_component id="oc-fd">
         <name>.bss:driveObj</name>
         <uninitialized>true</uninitialized>
         <run_address>0x20003280</run_address>
         <size>0x234</size>
         <input_file_ref idref="fl-3"/>
      </object_component>
      <object_component id="oc-100">
         <name>.bss:fileObj</name>
         <uninitialized>true</uninitialized>
         <run_address>0x200034b4</run_address>
         <size>0x224</size>
         <input_file_ref idref="fl-3"/>
      </object_component>
      <object_component id="oc-c8">
         <name>.bss:g_sI2CInst</name>
         <uninitialized>true</uninitialized>
         <run_address>0x200036d8</run_address>
         <size>0x124</size>
         <input_file_ref idref="fl-3"/>
      </object_component>
      <object_component id="oc-c5">
         <name>.bss:g_sMPU9150Inst</name>
         <uninitialized>true</uninitialized>
         <run_address>0x200037fc</run_address>
         <size>0x6c</size>
         <input_file_ref idref="fl-3"/>
      </object_component>
      <object_component id="oc-b5">
         <name>.bss:ui32ADCBuffer</name>
         <uninitialized>true</uninitialized>
         <run_address>0x200038cc</run_address>
         <size>0x40</size>
         <input_file_ref idref="fl-3"/>
      </object_component>
      <object_component id="oc-dc">
         <name>.bss:analogChannelVector</name>
         <uninitialized>true</uninitialized>
         <run_address>0x20002e80</run_address>
         <size>0x400</size>
         <input_file_ref idref="fl-3"/>
      </object_component>
      <object_component id="oc-d3">
         <name>.bss:CAN1ItemsVector</name>
         <uninitialized>true</uninitialized>
         <run_address>0x20002000</run_address>
         <size>0xe80</size>
         <input_file_ref idref="fl-3"/>
      </object_component>
      <object_component id="oc-87">
         <name>.bss:GPSString</name>
         <uninitialized>true</uninitialized>
         <run_address>0x20003868</run_address>
         <size>0x64</size>
         <input_file_ref idref="fl-3"/>
      </object_component>
      <object_component id="oc-bb">
         <name>.common:g_pui32TimeStamp</name>
         <uninitialized>true</uninitialized>
         <run_address>0x20003980</run_address>
         <size>0x8</size>
      </object_component>
      <object_component id="oc-bc">
         <name>.common:ui32SysTickCount</name>
         <uninitialized>true</uninitialized>
         <run_address>0x200039a4</run_address>
         <size>0x4</size>
      </object_component>
      <object_component id="oc-f6">
         <name>.common:ui32LastSysTickCount</name>
         <uninitialized>true</uninitialized>
         <run_address>0x200039a0</run_address>
         <size>0x4</size>
      </object_component>
      <object_component id="oc-81">
         <name>.common:ui32SystemClock</name>
         <uninitialized>true</uninitialized>
         <run_address>0x200039a8</run_address>
         <size>0x4</size>
      </object_component>
      <object_component id="oc-10d">
         <name>.common:demoRec</name>
         <uninitialized>true</uninitialized>
         <run_address>0x2000390c</run_address>
         <size>0x20</size>
      </object_component>
      <object_component id="oc-ec">
         <name>.common:intCount</name>
         <uninitialized>true</uninitialized>
         <run_address>0x20003994</run_address>
         <size>0x4</size>
      </object_component>
      <object_component id="oc-10e">
         <name>.common:startLogging</name>
         <uninitialized>true</uninitialized>
         <run_address>0x200039b8</run_address>
         <size>0x1</size>
      </object_component>
      <object_component id="oc-ed">
         <name>.common:g_pfAccel</name>
         <uninitialized>true</uninitialized>
         <run_address>0x20003940</run_address>
         <size>0xc</size>
      </object_component>
      <object_component id="oc-ee">
         <name>.common:g_i16Accel</name>
         <uninitialized>true</uninitialized>
         <run_address>0x20003970</run_address>
         <size>0x8</size>
      </object_component>
      <object_component id="oc-ef">
         <name>.common:g_i16LastAccel</name>
         <uninitialized>true</uninitialized>
         <run_address>0x20003978</run_address>
         <size>0x8</size>
      </object_component>
      <object_component id="oc-bd">
         <name>.common:g_vui8I2CDoneFlag</name>
         <uninitialized>true</uninitialized>
         <run_address>0x20003990</run_address>
         <size>0x4</size>
      </object_component>
      <object_component id="oc-cb">
         <name>.common:ui8MPU9150IntFlag</name>
         <uninitialized>true</uninitialized>
         <run_address>0x200039ac</run_address>
         <size>0x4</size>
      </object_component>
      <object_component id="oc-be">
         <name>.common:g_vui8ErrorFlag</name>
         <uninitialized>true</uninitialized>
         <run_address>0x2000398c</run_address>
         <size>0x4</size>
      </object_component>
      <object_component id="oc-10f">
         <name>.common:prevAccelInt</name>
         <uninitialized>true</uninitialized>
         <run_address>0x200039b7</run_address>
         <size>0x1</size>
      </object_component>
      <object_component id="oc-110">
         <name>.common:notIntCount</name>
         <uninitialized>true</uninitialized>
         <run_address>0x20003998</run_address>
         <size>0x4</size>
      </object_component>
      <object_component id="oc-d6">
         <name>.common:CANMsgObj</name>
         <uninitialized>true</uninitialized>
         <run_address>0x2000392c</run_address>
         <size>0x14</size>
      </object_component>
      <object_component id="oc-d2">
         <name>.common:bCANErrorFlag</name>
         <uninitialized>true</uninitialized>
         <run_address>0x200039b6</run_address>
         <size>0x1</size>
      </object_component>
      <object_component id="oc-8a">
         <name>.common:GPSIntFlag</name>
         <uninitialized>true</uninitialized>
         <run_address>0x200039b3</run_address>
         <size>0x1</size>
      </object_component>
      <object_component id="oc-84">
         <name>.common:prevLati</name>
         <uninitialized>true</uninitialized>
         <run_address>0x20003958</run_address>
         <size>0xc</size>
      </object_component>
      <object_component id="oc-106">
         <name>.common:longi</name>
         <uninitialized>true</uninitialized>
         <run_address>0x2000394c</run_address>
         <size>0xc</size>
      </object_component>
      <object_component id="oc-85">
         <name>.common:prevLongi</name>
         <uninitialized>true</uninitialized>
         <run_address>0x20003964</run_address>
         <size>0xc</size>
      </object_component>
      <object_component id="oc-86">
         <name>.common:prevSpeed</name>
         <uninitialized>true</uninitialized>
         <run_address>0x2000399c</run_address>
         <size>0x4</size>
      </object_component>
      <object_component id="oc-1f1">
         <name>.common:FatFs</name>
         <uninitialized>true</uninitialized>
         <run_address>0x20003988</run_address>
         <size>0x4</size>
      </object_component>
      <object_component id="oc-1f4">
         <name>.common:Fsid</name>
         <uninitialized>true</uninitialized>
         <run_address>0x200039b0</run_address>
         <size>0x2</size>
      </object_component>
      <object_component id="oc-274">
         <name>.common:Timer1</name>
         <uninitialized>true</uninitialized>
         <run_address>0x200039b4</run_address>
         <size>0x1</size>
      </object_component>
      <object_component id="oc-26e">
         <name>.common:Timer2</name>
         <uninitialized>true</uninitialized>
         <run_address>0x200039b5</run_address>
         <size>0x1</size>
      </object_component>
      <object_component id="oc-275">
         <name>.common:CardType</name>
         <uninitialized>true</uninitialized>
         <run_address>0x200039b2</run_address>
         <size>0x1</size>
      </object_component>
      <object_component id="oc-b8">
         <name>.data</name>
         <load_address>0x200039e1</load_address>
         <run_address>0x200039e1</run_address>
         <size>0x1d</size>
         <input_file_ref idref="fl-3"/>
      </object_component>
      <object_component id="oc-103">
         <name>.data:cGPSHeaders</name>
         <load_address>0x200039bc</load_address>
         <run_address>0x200039bc</run_address>
         <size>0x25</size>
         <input_file_ref idref="fl-3"/>
      </object_component>
      <object_component id="oc-271">
         <name>.data</name>
         <load_address>0x200039fe</load_address>
         <run_address>0x200039fe</run_address>
         <size>0x2</size>
         <input_file_ref idref="fl-7"/>
      </object_component>
      <object_component id="oc-159">
         <name>.data</name>
         <load_address>0x20003a10</load_address>
         <run_address>0x20003a10</run_address>
         <size>0x5</size>
         <input_file_ref idref="fl-a"/>
      </object_component>
      <object_component id="oc-14e">
         <name>.data</name>
         <load_address>0x20003a08</load_address>
         <run_address>0x20003a08</run_address>
         <size>0x8</size>
         <input_file_ref idref="fl-13f"/>
      </object_component>
      <object_component id="oc-76">
         <name>.data</name>
         <load_address>0x20003a18</load_address>
         <run_address>0x20003a18</run_address>
         <size>0x4</size>
         <input_file_ref idref="fl-148"/>
      </object_component>
      <object_component id="oc-14b">
         <name>.data</name>
         <load_address>0x20003a00</load_address>
         <run_address>0x20003a00</run_address>
         <size>0x8</size>
         <input_file_ref idref="fl-14f"/>
      </object_component>
      <object_component id="oc-248">
         <name>.debug_info</name>
         <load_address>0x0</load_address>
         <run_address>0x0</run_address>
         <size>0x30e</size>
         <input_file_ref idref="fl-2"/>
      </object_component>
      <object_component id="oc-18a">
         <name>.debug_info</name>
         <load_address>0x30e</load_address>
         <run_address>0x30e</run_address>
         <size>0x2c9</size>
         <input_file_ref idref="fl-2"/>
      </object_component>
      <object_component id="oc-184">
         <name>.debug_info</name>
         <load_address>0x5d7</load_address>
         <run_address>0x5d7</run_address>
         <size>0x335</size>
         <input_file_ref idref="fl-2"/>
      </object_component>
      <object_component id="oc-1a7">
         <name>.debug_info</name>
         <load_address>0x90c</load_address>
         <run_address>0x90c</run_address>
         <size>0x2fb</size>
         <input_file_ref idref="fl-2"/>
      </object_component>
      <object_component id="oc-16f">
         <name>.debug_info</name>
         <load_address>0xc07</load_address>
         <run_address>0xc07</run_address>
         <size>0x4e6</size>
         <input_file_ref idref="fl-2"/>
      </object_component>
      <object_component id="oc-249">
         <name>.debug_info</name>
         <load_address>0x10ed</load_address>
         <run_address>0x10ed</run_address>
         <size>0x108</size>
         <input_file_ref idref="fl-2"/>
      </object_component>
      <object_component id="oc-128">
         <name>.debug_info</name>
         <load_address>0x11f5</load_address>
         <run_address>0x11f5</run_address>
         <size>0x84</size>
         <input_file_ref idref="fl-2"/>
      </object_component>
      <object_component id="oc-117">
         <name>.debug_info</name>
         <load_address>0x1279</load_address>
         <run_address>0x1279</run_address>
         <size>0x18b</size>
         <input_file_ref idref="fl-2"/>
      </object_component>
      <object_component id="oc-82">
         <name>.debug_info</name>
         <load_address>0x1404</load_address>
         <run_address>0x1404</run_address>
         <size>0xd1f</size>
         <input_file_ref idref="fl-3"/>
      </object_component>
      <object_component id="oc-b9">
         <name>.debug_info</name>
         <load_address>0x2123</load_address>
         <run_address>0x2123</run_address>
         <size>0x12f</size>
         <input_file_ref idref="fl-3"/>
      </object_component>
      <object_component id="oc-fe">
         <name>.debug_info</name>
         <load_address>0x2252</load_address>
         <run_address>0x2252</run_address>
         <size>0xff</size>
         <input_file_ref idref="fl-3"/>
      </object_component>
      <object_component id="oc-101">
         <name>.debug_info</name>
         <load_address>0x2351</load_address>
         <run_address>0x2351</run_address>
         <size>0xfd</size>
         <input_file_ref idref="fl-3"/>
      </object_component>
      <object_component id="oc-c9">
         <name>.debug_info</name>
         <load_address>0x244e</load_address>
         <run_address>0x244e</run_address>
         <size>0x104</size>
         <input_file_ref idref="fl-3"/>
      </object_component>
      <object_component id="oc-c6">
         <name>.debug_info</name>
         <load_address>0x2552</load_address>
         <run_address>0x2552</run_address>
         <size>0x10c</size>
         <input_file_ref idref="fl-3"/>
      </object_component>
      <object_component id="oc-b6">
         <name>.debug_info</name>
         <load_address>0x265e</load_address>
         <run_address>0x265e</run_address>
         <size>0x10a</size>
         <input_file_ref idref="fl-3"/>
      </object_component>
      <object_component id="oc-dd">
         <name>.debug_info</name>
         <load_address>0x2768</load_address>
         <run_address>0x2768</run_address>
         <size>0x116</size>
         <input_file_ref idref="fl-3"/>
      </object_component>
      <object_component id="oc-d4">
         <name>.debug_info</name>
         <load_address>0x287e</load_address>
         <run_address>0x287e</run_address>
         <size>0x10e</size>
         <input_file_ref idref="fl-3"/>
      </object_component>
      <object_component id="oc-88">
         <name>.debug_info</name>
         <load_address>0x298c</load_address>
         <run_address>0x298c</run_address>
         <size>0x102</size>
         <input_file_ref idref="fl-3"/>
      </object_component>
      <object_component id="oc-104">
         <name>.debug_info</name>
         <load_address>0x2a8e</load_address>
         <run_address>0x2a8e</run_address>
         <size>0x106</size>
         <input_file_ref idref="fl-3"/>
      </object_component>
      <object_component id="oc-31">
         <name>.debug_info</name>
         <load_address>0x2b94</load_address>
         <run_address>0x2b94</run_address>
         <size>0x1f48</size>
         <input_file_ref idref="fl-3"/>
      </object_component>
      <object_component id="oc-16a">
         <name>.debug_info</name>
         <load_address>0x4adc</load_address>
         <run_address>0x4adc</run_address>
         <size>0x1b3</size>
         <input_file_ref idref="fl-3"/>
      </object_component>
      <object_component id="oc-11c">
         <name>.debug_info</name>
         <load_address>0x4c8f</load_address>
         <run_address>0x4c8f</run_address>
         <size>0x4c5</size>
         <input_file_ref idref="fl-3"/>
      </object_component>
      <object_component id="oc-1c6">
         <name>.debug_info</name>
         <load_address>0x5154</load_address>
         <run_address>0x5154</run_address>
         <size>0x5f</size>
         <input_file_ref idref="fl-3"/>
      </object_component>
      <object_component id="oc-179">
         <name>.debug_info</name>
         <load_address>0x51b3</load_address>
         <run_address>0x51b3</run_address>
         <size>0xe4</size>
         <input_file_ref idref="fl-3"/>
      </object_component>
      <object_component id="oc-174">
         <name>.debug_info</name>
         <load_address>0x5297</load_address>
         <run_address>0x5297</run_address>
         <size>0x16c</size>
         <input_file_ref idref="fl-3"/>
      </object_component>
      <object_component id="oc-121">
         <name>.debug_info</name>
         <load_address>0x5403</load_address>
         <run_address>0x5403</run_address>
         <size>0x494</size>
         <input_file_ref idref="fl-3"/>
      </object_component>
      <object_component id="oc-112">
         <name>.debug_info</name>
         <load_address>0x5897</load_address>
         <run_address>0x5897</run_address>
         <size>0x8b</size>
         <input_file_ref idref="fl-3"/>
      </object_component>
      <object_component id="oc-163">
         <name>.debug_info</name>
         <load_address>0x5922</load_address>
         <run_address>0x5922</run_address>
         <size>0x4e</size>
         <input_file_ref idref="fl-3"/>
      </object_component>
      <object_component id="oc-1f2">
         <name>.debug_info</name>
         <load_address>0x5970</load_address>
         <run_address>0x5970</run_address>
         <size>0x352</size>
         <input_file_ref idref="fl-5"/>
      </object_component>
      <object_component id="oc-fa">
         <name>.debug_info</name>
         <load_address>0x5cc2</load_address>
         <run_address>0x5cc2</run_address>
         <size>0x4373</size>
         <input_file_ref idref="fl-5"/>
      </object_component>
      <object_component id="oc-1f6">
         <name>.debug_info</name>
         <load_address>0xa035</load_address>
         <run_address>0xa035</run_address>
         <size>0x70</size>
         <input_file_ref idref="fl-5"/>
      </object_component>
      <object_component id="oc-1ad">
         <name>.debug_info</name>
         <load_address>0xa0a5</load_address>
         <run_address>0xa0a5</run_address>
         <size>0x1c1</size>
         <input_file_ref idref="fl-6"/>
      </object_component>
      <object_component id="oc-98">
         <name>.debug_info</name>
         <load_address>0xa266</load_address>
         <run_address>0xa266</run_address>
         <size>0x2776</size>
         <input_file_ref idref="fl-6"/>
      </object_component>
      <object_component id="oc-26f">
         <name>.debug_info</name>
         <load_address>0xc9dc</load_address>
         <run_address>0xc9dc</run_address>
         <size>0x24f</size>
         <input_file_ref idref="fl-7"/>
      </object_component>
      <object_component id="oc-272">
         <name>.debug_info</name>
         <load_address>0xcc2b</load_address>
         <run_address>0xcc2b</run_address>
         <size>0x151</size>
         <input_file_ref idref="fl-7"/>
      </object_component>
      <object_component id="oc-1ef">
         <name>.debug_info</name>
         <load_address>0xcd7c</load_address>
         <run_address>0xcd7c</run_address>
         <size>0x1e32</size>
         <input_file_ref idref="fl-7"/>
      </object_component>
      <object_component id="oc-19e">
         <name>.debug_info</name>
         <load_address>0xebae</load_address>
         <run_address>0xebae</run_address>
         <size>0x344</size>
         <input_file_ref idref="fl-8"/>
      </object_component>
      <object_component id="oc-191">
         <name>.debug_info</name>
         <load_address>0xeef2</load_address>
         <run_address>0xeef2</run_address>
         <size>0x176</size>
         <input_file_ref idref="fl-8"/>
      </object_component>
      <object_component id="oc-94">
         <name>.debug_info</name>
         <load_address>0xf068</load_address>
         <run_address>0xf068</run_address>
         <size>0x16ef</size>
         <input_file_ref idref="fl-8"/>
      </object_component>
      <object_component id="oc-38">
         <name>.debug_info</name>
         <load_address>0x10757</load_address>
         <run_address>0x10757</run_address>
         <size>0x217</size>
         <input_file_ref idref="fl-9"/>
      </object_component>
      <object_component id="oc-10">
         <name>.debug_info</name>
         <load_address>0x1096e</load_address>
         <run_address>0x1096e</run_address>
         <size>0x112</size>
         <input_file_ref idref="fl-9"/>
      </object_component>
      <object_component id="oc-2d">
         <name>.debug_info</name>
         <load_address>0x10a80</load_address>
         <run_address>0x10a80</run_address>
         <size>0x291</size>
         <input_file_ref idref="fl-9"/>
      </object_component>
      <object_component id="oc-162">
         <name>.debug_info</name>
         <load_address>0x10d11</load_address>
         <run_address>0x10d11</run_address>
         <size>0x13a</size>
         <input_file_ref idref="fl-a"/>
      </object_component>
      <object_component id="oc-15a">
         <name>.debug_info</name>
         <load_address>0x10e4b</load_address>
         <run_address>0x10e4b</run_address>
         <size>0x121</size>
         <input_file_ref idref="fl-a"/>
      </object_component>
      <object_component id="oc-157">
         <name>.debug_info</name>
         <load_address>0x10f6c</load_address>
         <run_address>0x10f6c</run_address>
         <size>0x177</size>
         <input_file_ref idref="fl-a"/>
      </object_component>
      <object_component id="oc-7d">
         <name>.debug_info</name>
         <load_address>0x110e3</load_address>
         <run_address>0x110e3</run_address>
         <size>0x8f9</size>
         <input_file_ref idref="fl-a"/>
      </object_component>
      <object_component id="oc-1d7">
         <name>.debug_info</name>
         <load_address>0x119dc</load_address>
         <run_address>0x119dc</run_address>
         <size>0x227</size>
         <input_file_ref idref="fl-12"/>
      </object_component>
      <object_component id="oc-1d1">
         <name>.debug_info</name>
         <load_address>0x11c03</load_address>
         <run_address>0x11c03</run_address>
         <size>0x2dd</size>
         <input_file_ref idref="fl-12"/>
      </object_component>
      <object_component id="oc-cd">
         <name>.debug_info</name>
         <load_address>0x11ee0</load_address>
         <run_address>0x11ee0</run_address>
         <size>0x413</size>
         <input_file_ref idref="fl-12"/>
      </object_component>
      <object_component id="oc-1e1">
         <name>.debug_info</name>
         <load_address>0x122f3</load_address>
         <run_address>0x122f3</run_address>
         <size>0x2de</size>
         <input_file_ref idref="fl-12"/>
      </object_component>
      <object_component id="oc-e8">
         <name>.debug_info</name>
         <load_address>0x125d1</load_address>
         <run_address>0x125d1</run_address>
         <size>0x3e8</size>
         <input_file_ref idref="fl-12"/>
      </object_component>
      <object_component id="oc-181">
         <name>.debug_info</name>
         <load_address>0x129b9</load_address>
         <run_address>0x129b9</run_address>
         <size>0x230</size>
         <input_file_ref idref="fl-13"/>
      </object_component>
      <object_component id="oc-1b1">
         <name>.debug_info</name>
         <load_address>0x12be9</load_address>
         <run_address>0x12be9</run_address>
         <size>0x15b</size>
         <input_file_ref idref="fl-13"/>
      </object_component>
      <object_component id="oc-1b7">
         <name>.debug_info</name>
         <load_address>0x12d44</load_address>
         <run_address>0x12d44</run_address>
         <size>0x2b3</size>
         <input_file_ref idref="fl-13"/>
      </object_component>
      <object_component id="oc-1bd">
         <name>.debug_info</name>
         <load_address>0x12ff7</load_address>
         <run_address>0x12ff7</run_address>
         <size>0x316</size>
         <input_file_ref idref="fl-13"/>
      </object_component>
      <object_component id="oc-ac">
         <name>.debug_info</name>
         <load_address>0x1330d</load_address>
         <run_address>0x1330d</run_address>
         <size>0x27f</size>
         <input_file_ref idref="fl-13"/>
      </object_component>
      <object_component id="oc-b2">
         <name>.debug_info</name>
         <load_address>0x1358c</load_address>
         <run_address>0x1358c</run_address>
         <size>0x279</size>
         <input_file_ref idref="fl-13"/>
      </object_component>
      <object_component id="oc-c1">
         <name>.debug_info</name>
         <load_address>0x13805</load_address>
         <run_address>0x13805</run_address>
         <size>0x279</size>
         <input_file_ref idref="fl-13"/>
      </object_component>
      <object_component id="oc-a5">
         <name>.debug_info</name>
         <load_address>0x13a7e</load_address>
         <run_address>0x13a7e</run_address>
         <size>0x280</size>
         <input_file_ref idref="fl-13"/>
      </object_component>
      <object_component id="oc-8d">
         <name>.debug_info</name>
         <load_address>0x13cfe</load_address>
         <run_address>0x13cfe</run_address>
         <size>0x28d</size>
         <input_file_ref idref="fl-13"/>
      </object_component>
      <object_component id="oc-1ea">
         <name>.debug_info</name>
         <load_address>0x13f8b</load_address>
         <run_address>0x13f8b</run_address>
         <size>0x20e</size>
         <input_file_ref idref="fl-14"/>
      </object_component>
      <object_component id="oc-1e7">
         <name>.debug_info</name>
         <load_address>0x14199</load_address>
         <run_address>0x14199</run_address>
         <size>0x210</size>
         <input_file_ref idref="fl-14"/>
      </object_component>
      <object_component id="oc-1a0">
         <name>.debug_info</name>
         <load_address>0x143a9</load_address>
         <run_address>0x143a9</run_address>
         <size>0x26a</size>
         <input_file_ref idref="fl-14"/>
      </object_component>
      <object_component id="oc-f2">
         <name>.debug_info</name>
         <load_address>0x14613</load_address>
         <run_address>0x14613</run_address>
         <size>0x26a</size>
         <input_file_ref idref="fl-14"/>
      </object_component>
      <object_component id="oc-1af">
         <name>.debug_info</name>
         <load_address>0x1487d</load_address>
         <run_address>0x1487d</run_address>
         <size>0x27f</size>
         <input_file_ref idref="fl-15"/>
      </object_component>
      <object_component id="oc-20e">
         <name>.debug_info</name>
         <load_address>0x14afc</load_address>
         <run_address>0x14afc</run_address>
         <size>0x14d</size>
         <input_file_ref idref="fl-15"/>
      </object_component>
      <object_component id="oc-211">
         <name>.debug_info</name>
         <load_address>0x14c49</load_address>
         <run_address>0x14c49</run_address>
         <size>0x159</size>
         <input_file_ref idref="fl-15"/>
      </object_component>
      <object_component id="oc-27a">
         <name>.debug_info</name>
         <load_address>0x14da2</load_address>
         <run_address>0x14da2</run_address>
         <size>0x153</size>
         <input_file_ref idref="fl-15"/>
      </object_component>
      <object_component id="oc-214">
         <name>.debug_info</name>
         <load_address>0x14ef5</load_address>
         <run_address>0x14ef5</run_address>
         <size>0x160</size>
         <input_file_ref idref="fl-15"/>
      </object_component>
      <object_component id="oc-a0">
         <name>.debug_info</name>
         <load_address>0x15055</load_address>
         <run_address>0x15055</run_address>
         <size>0x27d</size>
         <input_file_ref idref="fl-15"/>
      </object_component>
      <object_component id="oc-204">
         <name>.debug_info</name>
         <load_address>0x152d2</load_address>
         <run_address>0x152d2</run_address>
         <size>0x270</size>
         <input_file_ref idref="fl-15"/>
      </object_component>
      <object_component id="oc-20a">
         <name>.debug_info</name>
         <load_address>0x15542</load_address>
         <run_address>0x15542</run_address>
         <size>0x2ba</size>
         <input_file_ref idref="fl-15"/>
      </object_component>
      <object_component id="oc-10a">
         <name>.debug_info</name>
         <load_address>0x157fc</load_address>
         <run_address>0x157fc</run_address>
         <size>0x4cf</size>
         <input_file_ref idref="fl-15"/>
      </object_component>
      <object_component id="oc-25b">
         <name>.debug_info</name>
         <load_address>0x15ccb</load_address>
         <run_address>0x15ccb</run_address>
         <size>0x5f</size>
         <input_file_ref idref="fl-15"/>
      </object_component>
      <object_component id="oc-25">
         <name>.debug_info</name>
         <load_address>0x15d2a</load_address>
         <run_address>0x15d2a</run_address>
         <size>0x134</size>
         <input_file_ref idref="fl-13b"/>
      </object_component>
      <object_component id="oc-44">
         <name>.debug_info</name>
         <load_address>0x15e5e</load_address>
         <run_address>0x15e5e</run_address>
         <size>0x121</size>
         <input_file_ref idref="fl-13c"/>
      </object_component>
      <object_component id="oc-13">
         <name>.debug_info</name>
         <load_address>0x15f7f</load_address>
         <run_address>0x15f7f</run_address>
         <size>0x1c0</size>
         <input_file_ref idref="fl-13c"/>
      </object_component>
      <object_component id="oc-3f">
         <name>.debug_info</name>
         <load_address>0x1613f</load_address>
         <run_address>0x1613f</run_address>
         <size>0x46</size>
         <input_file_ref idref="fl-13c"/>
      </object_component>
      <object_component id="oc-12e">
         <name>.debug_info</name>
         <load_address>0x16185</load_address>
         <run_address>0x16185</run_address>
         <size>0x2c</size>
         <input_file_ref idref="fl-13c"/>
      </object_component>
      <object_component id="oc-4c">
         <name>.debug_info</name>
         <load_address>0x161b1</load_address>
         <run_address>0x161b1</run_address>
         <size>0x115</size>
         <input_file_ref idref="fl-13d"/>
      </object_component>
      <object_component id="oc-48">
         <name>.debug_info</name>
         <load_address>0x162c6</load_address>
         <run_address>0x162c6</run_address>
         <size>0x228</size>
         <input_file_ref idref="fl-13d"/>
      </object_component>
      <object_component id="oc-1b">
         <name>.debug_info</name>
         <load_address>0x164ee</load_address>
         <run_address>0x164ee</run_address>
         <size>0x192</size>
         <input_file_ref idref="fl-13d"/>
      </object_component>
      <object_component id="oc-4d">
         <name>.debug_info</name>
         <load_address>0x16680</load_address>
         <run_address>0x16680</run_address>
         <size>0x39</size>
         <input_file_ref idref="fl-13d"/>
      </object_component>
      <object_component id="oc-138">
         <name>.debug_info</name>
         <load_address>0x166b9</load_address>
         <run_address>0x166b9</run_address>
         <size>0x2c</size>
         <input_file_ref idref="fl-13d"/>
      </object_component>
      <object_component id="oc-5d">
         <name>.debug_info</name>
         <load_address>0x166e5</load_address>
         <run_address>0x166e5</run_address>
         <size>0x110</size>
         <input_file_ref idref="fl-13e"/>
      </object_component>
      <object_component id="oc-20">
         <name>.debug_info</name>
         <load_address>0x167f5</load_address>
         <run_address>0x167f5</run_address>
         <size>0x18b</size>
         <input_file_ref idref="fl-13e"/>
      </object_component>
      <object_component id="oc-58">
         <name>.debug_info</name>
         <load_address>0x16980</load_address>
         <run_address>0x16980</run_address>
         <size>0x46</size>
         <input_file_ref idref="fl-13e"/>
      </object_component>
      <object_component id="oc-152">
         <name>.debug_info</name>
         <load_address>0x169c6</load_address>
         <run_address>0x169c6</run_address>
         <size>0x172</size>
         <input_file_ref idref="fl-13f"/>
      </object_component>
      <object_component id="oc-14f">
         <name>.debug_info</name>
         <load_address>0x16b38</load_address>
         <run_address>0x16b38</run_address>
         <size>0x117</size>
         <input_file_ref idref="fl-13f"/>
      </object_component>
      <object_component id="oc-72">
         <name>.debug_info</name>
         <load_address>0x16c4f</load_address>
         <run_address>0x16c4f</run_address>
         <size>0x1ee</size>
         <input_file_ref idref="fl-13f"/>
      </object_component>
      <object_component id="oc-194">
         <name>.debug_info</name>
         <load_address>0x16e3d</load_address>
         <run_address>0x16e3d</run_address>
         <size>0x117</size>
         <input_file_ref idref="fl-141"/>
      </object_component>
      <object_component id="oc-199">
         <name>.debug_info</name>
         <load_address>0x16f54</load_address>
         <run_address>0x16f54</run_address>
         <size>0x112</size>
         <input_file_ref idref="fl-142"/>
      </object_component>
      <object_component id="oc-da">
         <name>.debug_info</name>
         <load_address>0x17066</load_address>
         <run_address>0x17066</run_address>
         <size>0x109</size>
         <input_file_ref idref="fl-143"/>
      </object_component>
      <object_component id="oc-3c">
         <name>.debug_info</name>
         <load_address>0x1716f</load_address>
         <run_address>0x1716f</run_address>
         <size>0xf6</size>
         <input_file_ref idref="fl-144"/>
      </object_component>
      <object_component id="oc-55">
         <name>.debug_info</name>
         <load_address>0x17265</load_address>
         <run_address>0x17265</run_address>
         <size>0x124</size>
         <input_file_ref idref="fl-145"/>
      </object_component>
      <object_component id="oc-62">
         <name>.debug_info</name>
         <load_address>0x17389</load_address>
         <run_address>0x17389</run_address>
         <size>0x129</size>
         <input_file_ref idref="fl-146"/>
      </object_component>
      <object_component id="oc-77">
         <name>.debug_info</name>
         <load_address>0x174b2</load_address>
         <run_address>0x174b2</run_address>
         <size>0xea</size>
         <input_file_ref idref="fl-148"/>
      </object_component>
      <object_component id="oc-1de">
         <name>.debug_info</name>
         <load_address>0x1759c</load_address>
         <run_address>0x1759c</run_address>
         <size>0xc6</size>
         <input_file_ref idref="fl-149"/>
      </object_component>
      <object_component id="oc-e1">
         <name>.debug_info</name>
         <load_address>0x17662</load_address>
         <run_address>0x17662</run_address>
         <size>0x225</size>
         <input_file_ref idref="fl-149"/>
      </object_component>
      <object_component id="oc-15d">
         <name>.debug_info</name>
         <load_address>0x17887</load_address>
         <run_address>0x17887</run_address>
         <size>0x11f</size>
         <input_file_ref idref="fl-14a"/>
      </object_component>
      <object_component id="oc-234">
         <name>.debug_info</name>
         <load_address>0x179a6</load_address>
         <run_address>0x179a6</run_address>
         <size>0x105</size>
         <input_file_ref idref="fl-14f"/>
      </object_component>
      <object_component id="oc-14c">
         <name>.debug_info</name>
         <load_address>0x17aab</load_address>
         <run_address>0x17aab</run_address>
         <size>0xf4</size>
         <input_file_ref idref="fl-14f"/>
      </object_component>
      <object_component id="oc-22d">
         <name>.debug_info</name>
         <load_address>0x17b9f</load_address>
         <run_address>0x17b9f</run_address>
         <size>0x200</size>
         <input_file_ref idref="fl-14f"/>
      </object_component>
      <object_component id="oc-14a">
         <name>.debug_info</name>
         <load_address>0x17d9f</load_address>
         <run_address>0x17d9f</run_address>
         <size>0x147</size>
         <input_file_ref idref="fl-150"/>
      </object_component>
      <object_component id="oc-6c">
         <name>.debug_info</name>
         <load_address>0x17ee6</load_address>
         <run_address>0x17ee6</run_address>
         <size>0x148</size>
         <input_file_ref idref="fl-150"/>
      </object_component>
      <object_component id="oc-227">
         <name>.debug_info</name>
         <load_address>0x1802e</load_address>
         <run_address>0x1802e</run_address>
         <size>0x5e</size>
         <input_file_ref idref="fl-150"/>
      </object_component>
      <object_component id="oc-148">
         <name>.debug_info</name>
         <load_address>0x1808c</load_address>
         <run_address>0x1808c</run_address>
         <size>0x29e</size>
         <input_file_ref idref="fl-151"/>
      </object_component>
      <object_component id="oc-65">
         <name>.debug_info</name>
         <load_address>0x1832a</load_address>
         <run_address>0x1832a</run_address>
         <size>0x158</size>
         <input_file_ref idref="fl-151"/>
      </object_component>
      <object_component id="oc-21b">
         <name>.debug_info</name>
         <load_address>0x18482</load_address>
         <run_address>0x18482</run_address>
         <size>0x39</size>
         <input_file_ref idref="fl-151"/>
      </object_component>
      <object_component id="oc-220">
         <name>.debug_info</name>
         <load_address>0x184bb</load_address>
         <run_address>0x184bb</run_address>
         <size>0xcd</size>
         <input_file_ref idref="fl-151"/>
      </object_component>
      <object_component id="oc-218">
         <name>.debug_info</name>
         <load_address>0x18588</load_address>
         <run_address>0x18588</run_address>
         <size>0x1c1</size>
         <input_file_ref idref="fl-152"/>
      </object_component>
      <object_component id="oc-142">
         <name>.debug_info</name>
         <load_address>0x18749</load_address>
         <run_address>0x18749</run_address>
         <size>0x164</size>
         <input_file_ref idref="fl-152"/>
      </object_component>
      <object_component id="oc-286">
         <name>.debug_info</name>
         <load_address>0x188ad</load_address>
         <run_address>0x188ad</run_address>
         <size>0x2c</size>
         <input_file_ref idref="fl-152"/>
      </object_component>
      <object_component id="oc-240">
         <name>.debug_info</name>
         <load_address>0x188d9</load_address>
         <run_address>0x188d9</run_address>
         <size>0x128</size>
         <input_file_ref idref="fl-155"/>
      </object_component>
      <object_component id="oc-2bd">
         <name>.debug_info</name>
         <load_address>0x18a01</load_address>
         <run_address>0x18a01</run_address>
         <size>0xcb</size>
      </object_component>
      <object_component id="oc-290">
         <name>.debug_line</name>
         <load_address>0x0</load_address>
         <run_address>0x0</run_address>
         <size>0x5a</size>
         <input_file_ref idref="fl-2"/>
      </object_component>
      <object_component id="oc-18d">
         <name>.debug_line</name>
         <load_address>0x5a</load_address>
         <run_address>0x5a</run_address>
         <size>0x72</size>
         <input_file_ref idref="fl-2"/>
      </object_component>
      <object_component id="oc-183">
         <name>.debug_line</name>
         <load_address>0xcc</load_address>
         <run_address>0xcc</run_address>
         <size>0x72</size>
         <input_file_ref idref="fl-2"/>
      </object_component>
      <object_component id="oc-1a6">
         <name>.debug_line</name>
         <load_address>0x13e</load_address>
         <run_address>0x13e</run_address>
         <size>0x72</size>
         <input_file_ref idref="fl-2"/>
      </object_component>
      <object_component id="oc-172">
         <name>.debug_line</name>
         <load_address>0x1b0</load_address>
         <run_address>0x1b0</run_address>
         <size>0x5a</size>
         <input_file_ref idref="fl-2"/>
      </object_component>
      <object_component id="oc-24c">
         <name>.debug_line</name>
         <load_address>0x20a</load_address>
         <run_address>0x20a</run_address>
         <size>0x58</size>
         <input_file_ref idref="fl-2"/>
      </object_component>
      <object_component id="oc-12b">
         <name>.debug_line</name>
         <load_address>0x262</load_address>
         <run_address>0x262</run_address>
         <size>0x20</size>
         <input_file_ref idref="fl-2"/>
      </object_component>
      <object_component id="oc-11a">
         <name>.debug_line</name>
         <load_address>0x282</load_address>
         <run_address>0x282</run_address>
         <size>0x60</size>
         <input_file_ref idref="fl-2"/>
      </object_component>
      <object_component id="oc-169">
         <name>.debug_line</name>
         <load_address>0x2e2</load_address>
         <run_address>0x2e2</run_address>
         <size>0x240</size>
         <input_file_ref idref="fl-3"/>
      </object_component>
      <object_component id="oc-1c5">
         <name>.debug_line</name>
         <load_address>0x522</load_address>
         <run_address>0x522</run_address>
         <size>0x38</size>
         <input_file_ref idref="fl-3"/>
      </object_component>
      <object_component id="oc-1fc">
         <name>.debug_line</name>
         <load_address>0x55a</load_address>
         <run_address>0x55a</run_address>
         <size>0x38</size>
         <input_file_ref idref="fl-3"/>
      </object_component>
      <object_component id="oc-1fe">
         <name>.debug_line</name>
         <load_address>0x592</load_address>
         <run_address>0x592</run_address>
         <size>0x38</size>
         <input_file_ref idref="fl-3"/>
      </object_component>
      <object_component id="oc-1cf">
         <name>.debug_line</name>
         <load_address>0x5ca</load_address>
         <run_address>0x5ca</run_address>
         <size>0x38</size>
         <input_file_ref idref="fl-3"/>
      </object_component>
      <object_component id="oc-1cd">
         <name>.debug_line</name>
         <load_address>0x602</load_address>
         <run_address>0x602</run_address>
         <size>0x38</size>
         <input_file_ref idref="fl-3"/>
      </object_component>
      <object_component id="oc-1c3">
         <name>.debug_line</name>
         <load_address>0x63a</load_address>
         <run_address>0x63a</run_address>
         <size>0x38</size>
         <input_file_ref idref="fl-3"/>
      </object_component>
      <object_component id="oc-1dc">
         <name>.debug_line</name>
         <load_address>0x672</load_address>
         <run_address>0x672</run_address>
         <size>0x38</size>
         <input_file_ref idref="fl-3"/>
      </object_component>
      <object_component id="oc-1d9">
         <name>.debug_line</name>
         <load_address>0x6aa</load_address>
         <run_address>0x6aa</run_address>
         <size>0x38</size>
         <input_file_ref idref="fl-3"/>
      </object_component>
      <object_component id="oc-17f">
         <name>.debug_line</name>
         <load_address>0x6e2</load_address>
         <run_address>0x6e2</run_address>
         <size>0x38</size>
         <input_file_ref idref="fl-3"/>
      </object_component>
      <object_component id="oc-200">
         <name>.debug_line</name>
         <load_address>0x71a</load_address>
         <run_address>0x71a</run_address>
         <size>0x38</size>
         <input_file_ref idref="fl-3"/>
      </object_component>
      <object_component id="oc-34">
         <name>.debug_line</name>
         <load_address>0x752</load_address>
         <run_address>0x752</run_address>
         <size>0xca2</size>
         <input_file_ref idref="fl-3"/>
      </object_component>
      <object_component id="oc-16d">
         <name>.debug_line</name>
         <load_address>0x13f4</load_address>
         <run_address>0x13f4</run_address>
         <size>0x55</size>
         <input_file_ref idref="fl-3"/>
      </object_component>
      <object_component id="oc-11f">
         <name>.debug_line</name>
         <load_address>0x1449</load_address>
         <run_address>0x1449</run_address>
         <size>0x60</size>
         <input_file_ref idref="fl-3"/>
      </object_component>
      <object_component id="oc-1c9">
         <name>.debug_line</name>
         <load_address>0x14a9</load_address>
         <run_address>0x14a9</run_address>
         <size>0x38</size>
         <input_file_ref idref="fl-3"/>
      </object_component>
      <object_component id="oc-17c">
         <name>.debug_line</name>
         <load_address>0x14e1</load_address>
         <run_address>0x14e1</run_address>
         <size>0x65</size>
         <input_file_ref idref="fl-3"/>
      </object_component>
      <object_component id="oc-177">
         <name>.debug_line</name>
         <load_address>0x1546</load_address>
         <run_address>0x1546</run_address>
         <size>0x59</size>
         <input_file_ref idref="fl-3"/>
      </object_component>
      <object_component id="oc-124">
         <name>.debug_line</name>
         <load_address>0x159f</load_address>
         <run_address>0x159f</run_address>
         <size>0x38</size>
         <input_file_ref idref="fl-3"/>
      </object_component>
      <object_component id="oc-115">
         <name>.debug_line</name>
         <load_address>0x15d7</load_address>
         <run_address>0x15d7</run_address>
         <size>0x20</size>
         <input_file_ref idref="fl-3"/>
      </object_component>
      <object_component id="oc-166">
         <name>.debug_line</name>
         <load_address>0x15f7</load_address>
         <run_address>0x15f7</run_address>
         <size>0x60</size>
         <input_file_ref idref="fl-3"/>
      </object_component>
      <object_component id="oc-278">
         <name>.debug_line</name>
         <load_address>0x1657</load_address>
         <run_address>0x1657</run_address>
         <size>0xe4</size>
         <input_file_ref idref="fl-5"/>
      </object_component>
      <object_component id="oc-f8">
         <name>.debug_line</name>
         <load_address>0x173b</load_address>
         <run_address>0x173b</run_address>
         <size>0x17ba</size>
         <input_file_ref idref="fl-5"/>
      </object_component>
      <object_component id="oc-1f9">
         <name>.debug_line</name>
         <load_address>0x2ef5</load_address>
         <run_address>0x2ef5</run_address>
         <size>0x64</size>
         <input_file_ref idref="fl-5"/>
      </object_component>
      <object_component id="oc-258">
         <name>.debug_line</name>
         <load_address>0x2f59</load_address>
         <run_address>0x2f59</run_address>
         <size>0x5b</size>
         <input_file_ref idref="fl-6"/>
      </object_component>
      <object_component id="oc-9c">
         <name>.debug_line</name>
         <load_address>0x2fb4</load_address>
         <run_address>0x2fb4</run_address>
         <size>0x63b</size>
         <input_file_ref idref="fl-6"/>
      </object_component>
      <object_component id="oc-292">
         <name>.debug_line</name>
         <load_address>0x35ef</load_address>
         <run_address>0x35ef</run_address>
         <size>0xa6</size>
         <input_file_ref idref="fl-7"/>
      </object_component>
      <object_component id="oc-294">
         <name>.debug_line</name>
         <load_address>0x3695</load_address>
         <run_address>0x3695</run_address>
         <size>0x70</size>
         <input_file_ref idref="fl-7"/>
      </object_component>
      <object_component id="oc-1ed">
         <name>.debug_line</name>
         <load_address>0x3705</load_address>
         <run_address>0x3705</run_address>
         <size>0x59e</size>
         <input_file_ref idref="fl-7"/>
      </object_component>
      <object_component id="oc-255">
         <name>.debug_line</name>
         <load_address>0x3ca3</load_address>
         <run_address>0x3ca3</run_address>
         <size>0x5a</size>
         <input_file_ref idref="fl-8"/>
      </object_component>
      <object_component id="oc-251">
         <name>.debug_line</name>
         <load_address>0x3cfd</load_address>
         <run_address>0x3cfd</run_address>
         <size>0x59</size>
         <input_file_ref idref="fl-8"/>
      </object_component>
      <object_component id="oc-92">
         <name>.debug_line</name>
         <load_address>0x3d56</load_address>
         <run_address>0x3d56</run_address>
         <size>0x30c</size>
         <input_file_ref idref="fl-8"/>
      </object_component>
      <object_component id="oc-127">
         <name>.debug_line</name>
         <load_address>0x4062</load_address>
         <run_address>0x4062</run_address>
         <size>0x42</size>
         <input_file_ref idref="fl-9"/>
      </object_component>
      <object_component id="oc-37">
         <name>.debug_line</name>
         <load_address>0x40a4</load_address>
         <run_address>0x40a4</run_address>
         <size>0x42</size>
         <input_file_ref idref="fl-9"/>
      </object_component>
      <object_component id="oc-2b">
         <name>.debug_line</name>
         <load_address>0x40e6</load_address>
         <run_address>0x40e6</run_address>
         <size>0xa2</size>
         <input_file_ref idref="fl-9"/>
      </object_component>
      <object_component id="oc-247">
         <name>.debug_line</name>
         <load_address>0x4188</load_address>
         <run_address>0x4188</run_address>
         <size>0x20</size>
         <input_file_ref idref="fl-a"/>
      </object_component>
      <object_component id="oc-23e">
         <name>.debug_line</name>
         <load_address>0x41a8</load_address>
         <run_address>0x41a8</run_address>
         <size>0x56</size>
         <input_file_ref idref="fl-a"/>
      </object_component>
      <object_component id="oc-23c">
         <name>.debug_line</name>
         <load_address>0x41fe</load_address>
         <run_address>0x41fe</run_address>
         <size>0x56</size>
         <input_file_ref idref="fl-a"/>
      </object_component>
      <object_component id="oc-7f">
         <name>.debug_line</name>
         <load_address>0x4254</load_address>
         <run_address>0x4254</run_address>
         <size>0x2a7</size>
         <input_file_ref idref="fl-a"/>
      </object_component>
      <object_component id="oc-266">
         <name>.debug_line</name>
         <load_address>0x44fb</load_address>
         <run_address>0x44fb</run_address>
         <size>0x82</size>
         <input_file_ref idref="fl-12"/>
      </object_component>
      <object_component id="oc-1d4">
         <name>.debug_line</name>
[...]
      </symbol>
      <symbol id="sm-297">
         <name>IntGPIOb</name>
         <value>0x39bd</value>
         <object_component_ref idref="oc-30"/>
      </symbol>
      <symbol id="sm-298">
         <name>SDCardOpenLogFile</name>
         <value>0x46b1</value>
         <object_component_ref idref="oc-30"/>
      </symbol>
      <symbol id="sm-299">
         <name>MPU9150I2CIntHandler</name>
         <value>0x39ef</value>
         <object_component_ref idref="oc-30"/>
      </symbol>
      <symbol id="sm-29a">
         <name>CAN1ItemsVector</name>
         <value>0x20002000</value>
         <object_component_ref idref="oc-d3"/>
      </symbol>
      <symbol id="sm-29b">
         <name>cGPSHeaders</name>
         <value>0x200039bc</value>
         <object_component_ref idref="oc-103"/>
      </symbol>
      <symbol id="sm-29c">
         <name>ParseTokenGPS</name>
         <value>0x339d</value>
         <object_component_ref idref="oc-30"/>
      </symbol>
      <symbol id="sm-29d">
         <name>DAQStop</name>
         <value>0x4515</value>
         <object_component_ref idref="oc-30"/>
      </symbol>
      <symbol id="sm-29e">
         <name>SDCardWriteLoggedData</name>
         <value>0x48ad</value>
         <object_component_ref idref="oc-30"/>
      </symbol>
      <symbol id="sm-29f">
         <name>CANConfigure</name>
         <value>0x3b53</value>
         <object_component_ref idref="oc-30"/>
      </symbol>
      <symbol id="sm-4a6">
         <name>f_getfree</name>
         <value>0x2477</value>
         <object_component_ref idref="oc-f7"/>
      </symbol>
      <symbol id="sm-4a7">
         <name>f_read</name>
         <value>0x1a89</value>
         <object_component_ref idref="oc-f7"/>
      </symbol>
      <symbol id="sm-4a8">
         <name>f_unlink</name>
         <value>0x26cd</value>
         <object_component_ref idref="oc-f7"/>
      </symbol>
      <symbol id="sm-4a9">
         <name>f_mkdir</name>
         <value>0x27cf</value>
         <object_component_ref idref="oc-f7"/>
      </symbol>
      <symbol id="sm-4aa">
         <name>f_chmod</name>
         <value>0x29b5</value>
         <object_component_ref idref="oc-f7"/>
      </symbol>
      <symbol id="sm-4ab">
         <name>f_utime</name>
         <value>0x2a45</value>
         <object_component_ref idref="oc-f7"/>
      </symbol>
      <symbol id="sm-4ac">
         <name>f_sync</name>
         <value>0x1f81</value>
         <object_component_ref idref="oc-f7"/>
      </symbol>
      <symbol id="sm-4ad">
         <name>f_printf</name>
         <value>0x2cfb</value>
         <object_component_ref idref="oc-f7"/>
      </symbol>
      <symbol id="sm-4ae">
         <name>clust2sect</name>
         <value>0x4a1</value>
         <object_component_ref idref="oc-f7"/>
      </symbol>
      <symbol id="sm-4af">
         <name>put_fat</name>
         <value>0x5f5</value>
         <object_component_ref idref="oc-f7"/>
      </symbol>
      <symbol id="sm-4b0">
         <name>f_write</name>
         <value>0x1cdd</value>
         <object_component_ref idref="oc-f7"/>
      </symbol>
      <symbol id="sm-4b1">
         <name>f_opendir</name>
         <value>0x22eb</value>
         <object_component_ref idref="oc-f7"/>
      </symbol>
      <symbol id="sm-4b2">
         <name>f_truncate</name>
         <value>0x25d9</value>
         <object_component_ref idref="oc-f7"/>
      </symbol>
      <symbol id="sm-4b3">
         <name>f_close</name>
         <value>0x207d</value>
         <object_component_ref idref="oc-f7"/>
      </symbol>
      <symbol id="sm-4b4">
         <name>f_rename</name>
         <value>0x2ac9</value>
         <object_component_ref idref="oc-f7"/>
      </symbol>
      <symbol id="sm-4b5">
         <name>f_open</name>
         <value>0x1875</value>
         <object_component_ref idref="oc-f7"/>
      </symbol>
      <symbol id="sm-4b6">
         <name>f_lseek</name>
         <value>0x209d</value>
         <object_component_ref idref="oc-f7"/>
      </symbol>
      <symbol id="sm-4b7">
         <name>f_putc</name>
         <value>0x2c89</value>
         <object_component_ref idref="oc-f7"/>
      </symbol>
      <symbol id="sm-4b8">
         <name>f_puts</name>
         <value>0x2cc1</value>
         <object_component_ref idref="oc-f7"/>
      </symbol>
      <symbol id="sm-4b9">
         <name>f_gets</name>
         <value>0x2c21</value>
         <object_component_ref idref="oc-f7"/>
      </symbol>
      <symbol id="sm-4ba">
         <name>f_stat</name>
         <value>0x2427</value>
         <object_component_ref idref="oc-f7"/>
      </symbol>
      <symbol id="sm-4bb">
         <name>f_mount</name>
         <value>0x181f</value>
         <object_component_ref idref="oc-f7"/>
      </symbol>
      <symbol id="sm-4bc">
         <name>f_readdir</name>
         <value>0x239b</value>
         <object_component_ref idref="oc-f7"/>
      </symbol>
      <symbol id="sm-4bd">
         <name>get_fat</name>
         <value>0x4d1</value>
         <object_component_ref idref="oc-f7"/>
      </symbol>
      <symbol id="sm-568">
         <name>I2CMWrite8</name>
         <value>0x57a5</value>
         <object_component_ref idref="oc-97"/>
      </symbol>
      <symbol id="sm-569">
         <name>I2CMRead16BE</name>
         <value>0x5871</value>
         <object_component_ref idref="oc-97"/>
      </symbol>
      <symbol id="sm-56a">
         <name>I2CMWrite16BE</name>
         <value>0x5937</value>
         <object_component_ref idref="oc-97"/>
      </symbol>
      <symbol id="sm-56b">
         <name>I2CMCommand</name>
         <value>0x538b</value>
         <object_component_ref idref="oc-97"/>
      </symbol>
      <symbol id="sm-56c">
         <name>I2CMReadModifyWrite16LE</name>
         <value>0x5695</value>
         <object_component_ref idref="oc-97"/>
      </symbol>
      <symbol id="sm-56d">
         <name>I2CMInit</name>
         <value>0x5323</value>
         <object_component_ref idref="oc-97"/>
      </symbol>
      <symbol id="sm-56e">
         <name>I2CMReadModifyWrite8</name>
         <value>0x5545</value>
         <object_component_ref idref="oc-97"/>
      </symbol>
      <symbol id="sm-56f">
         <name>I2CMTransferResume</name>
         <value>0x546f</value>
         <object_component_ref idref="oc-97"/>
      </symbol>
      <symbol id="sm-570">
         <name>I2CMIntHandler</name>
         <value>0x51f7</value>
         <object_component_ref idref="oc-97"/>
      </symbol>
      <symbol id="sm-629">
         <name>get_fattime</name>
         <value>0x63a7</value>
         <object_component_ref idref="oc-1eb"/>
      </symbol>
      <symbol id="sm-62a">
         <name>disk_status</name>
         <value>0x5fa9</value>
         <object_component_ref idref="oc-1eb"/>
      </symbol>
      <symbol id="sm-62b">
         <name>disk_timerproc</name>
         <value>0x6363</value>
         <object_component_ref idref="oc-1eb"/>
      </symbol>
      <symbol id="sm-62c">
         <name>disk_read</name>
         <value>0x5fc3</value>
         <object_component_ref idref="oc-1eb"/>
      </symbol>
      <symbol id="sm-62d">
         <name>disk_initialize</name>
         <value>0x5e05</value>
         <object_component_ref idref="oc-1eb"/>
      </symbol>
      <symbol id="sm-62e">
         <name>disk_ioctl</name>
         <value>0x6161</value>
         <object_component_ref idref="oc-1eb"/>
      </symbol>
      <symbol id="sm-62f">
         <name>disk_write</name>
         <value>0x6073</value>
         <object_component_ref idref="oc-1eb"/>
      </symbol>
      <symbol id="sm-695">
         <name>MPU9150DataMagnetoGetFloat</name>
         <value>0x6c59</value>
         <object_component_ref idref="oc-91"/>
      </symbol>
      <symbol id="sm-696">
         <name>MPU9150DataMagnetoGetRaw</name>
         <value>0x6c01</value>
         <object_component_ref idref="oc-91"/>
      </symbol>
      <symbol id="sm-697">
         <name>MPU9150Write</name>
         <value>0x67f9</value>
         <object_component_ref idref="oc-91"/>
      </symbol>
      <symbol id="sm-698">
         <name>MPU9150MagnetoInstGet</name>
         <value>0x677b</value>
         <object_component_ref idref="oc-91"/>
      </symbol>
      <symbol id="sm-699">
         <name>MPU9150Init</name>
         <value>0x66e9</value>
         <object_component_ref idref="oc-91"/>
      </symbol>
      <symbol id="sm-69a">
         <name>MPU9150DataGyroGetRaw</name>
         <value>0x6aa7</value>
         <object_component_ref idref="oc-91"/>
      </symbol>
      <symbol id="sm-69b">
         <name>MPU9150DataAccelGetFloat</name>
         <value>0x6a05</value>
         <object_component_ref idref="oc-91"/>
      </symbol>
      <symbol id="sm-69c">
         <name>MPU9150DataRead</name>
         <value>0x6939</value>
         <object_component_ref idref="oc-91"/>
      </symbol>
      <symbol id="sm-69d">
         <name>MPU9150DataAccelGetRaw</name>
         <value>0x69ad</value>
         <object_component_ref idref="oc-91"/>
      </symbol>
      <symbol id="sm-69e">
         <name>MPU9150Read</name>
         <value>0x6789</value>
         <object_component_ref idref="oc-91"/>
      </symbol>
      <symbol id="sm-69f">
         <name>MPU9150ReadModifyWrite</name>
         <value>0x68d3</value>
         <object_component_ref idref="oc-91"/>
      </symbol>
      <symbol id="sm-6a0">
         <name>MPU9150DataGyroGetFloat</name>
         <value>0x6aff</value>
         <object_component_ref idref="oc-91"/>
      </symbol>
      <symbol id="sm-6bc">
         <name>ResetISR</name>
         <value>0x7f01</value>
         <object_component_ref idref="oc-2a"/>
      </symbol>
      <symbol id="sm-6bd">
         <name>g_pfnVectors</name>
         <value>0x0</value>
         <object_component_ref idref="oc-f"/>
      </symbol>
      <symbol id="sm-724">
         <name>UARTgetc</name>
         <value>0x6e91</value>
         <object_component_ref idref="oc-7b"/>
      </symbol>
      <symbol id="sm-725">
         <name>UARTgets</name>
         <value>0x6dcb</value>
         <object_component_ref idref="oc-7b"/>
      </symbol>
      <symbol id="sm-726">
         <name>UARTStdioConfig</name>
         <value>0x6d19</value>
         <object_component_ref idref="oc-7b"/>
      </symbol>
      <symbol id="sm-727">
         <name>UARTwrite</name>
         <value>0x6d79</value>
         <object_component_ref idref="oc-7b"/>
      </symbol>
      <symbol id="sm-728">
         <name>UARTprintf</name>
         <value>0x71bf</value>
         <object_component_ref idref="oc-7b"/>
      </symbol>
      <symbol id="sm-729">
         <name>UARTvprintf</name>
         <value>0x6ec5</value>
         <object_component_ref idref="oc-7b"/>
      </symbol>
      <symbol id="sm-774">
         <name>CANMessageGet</name>
         <value>0x7661</value>
         <object_component_ref idref="oc-e6"/>
      </symbol>
      <symbol id="sm-775">
         <name>CANMessageSet</name>
         <value>0x73f9</value>
         <object_component_ref idref="oc-cc"/>
      </symbol>
      <symbol id="sm-7bf">
         <name>GPIOPinConfigure</name>
         <value>0x7b5d</value>
         <object_component_ref idref="oc-a3"/>
      </symbol>
      <symbol id="sm-7c0">
         <name>GPIOPinTypeI2CSCL</name>
         <value>0x7ec9</value>
         <object_component_ref idref="oc-a9"/>
      </symbol>
      <symbol id="sm-7c1">
         <name>GPIOPinTypeI2C</name>
         <value>0x7eb7</value>
         <object_component_ref idref="oc-af"/>
      </symbol>
      <symbol id="sm-7c2">
         <name>GPIOIntClear</name>
         <value>0x7f0d</value>
         <object_component_ref idref="oc-8b"/>
      </symbol>
      <symbol id="sm-7c3">
         <name>GPIODirModeSet</name>
         <value>0x7dc9</value>
         <object_component_ref idref="oc-1b4"/>
      </symbol>
      <symbol id="sm-7c4">
         <name>GPIOPadConfigSet</name>
         <value>0x752f</value>
         <object_component_ref idref="oc-1ba"/>
      </symbol>
      <symbol id="sm-7c5">
         <name>GPIOPinTypeCAN</name>
         <value>0x7ea5</value>
         <object_component_ref idref="oc-bf"/>
      </symbol>
      <symbol id="sm-7f6">
         <name>IntTrigger</name>
         <value>0x7ee9</value>
         <object_component_ref idref="oc-19f"/>
      </symbol>
      <symbol id="sm-7f7">
         <name>IntDisable</name>
         <value>0x7a59</value>
         <object_component_ref idref="oc-f0"/>
      </symbol>
      <symbol id="sm-868">
         <name>SysCtlDelay</name>
         <value>0x7f13</value>
         <object_component_ref idref="oc-df"/>
      </symbol>
      <symbol id="sm-869">
         <name>SysCtlPeripheralEnable</name>
         <value>0x7d95</value>
         <object_component_ref idref="oc-9d"/>
      </symbol>
      <symbol id="sm-86a">
         <name>SysCtlClockFreqSet</name>
         <value>0x71f5</value>
         <object_component_ref idref="oc-107"/>
      </symbol>
      <symbol id="sm-880">
         <name>_c_int00</name>
         <value>0x7ac1</value>
         <object_component_ref idref="oc-24"/>
      </symbol>
      <symbol id="sm-881">
         <name>__stack</name>
         <value>0x20000000</value>
         <object_component_ref idref="oc-29"/>
      </symbol>
      <symbol id="sm-898">
         <name>__TI_decompress_none</name>
         <value>0x7edb</value>
         <object_component_ref idref="oc-12"/>
      </symbol>
      <symbol id="sm-8c0">
         <name>__TI_decompress_rle24</name>
         <value>0x7f19</value>
         <object_component_ref idref="oc-18"/>
      </symbol>
      <symbol id="sm-8d2">
         <name>__TI_zero_init</name>
         <value>0x7ef5</value>
         <object_component_ref idref="oc-1e"/>
      </symbol>
      <symbol id="sm-8f1">
         <name>C$$EXIT</name>
         <value>0x7c35</value>
         <object_component_ref idref="oc-70"/>
      </symbol>
      <symbol id="sm-8f2">
         <name>abort</name>
         <value>0x7c39</value>
         <object_component_ref idref="oc-70"/>
      </symbol>
      <symbol id="sm-8f3">
         <name>exit</name>
         <value>0x7c41</value>
         <object_component_ref idref="oc-70"/>
      </symbol>
      <symbol id="sm-8f4">
         <name>__TI_dtors_ptr</name>
         <value>0x20003a0c</value>
         <object_component_ref idref="oc-14e"/>
      </symbol>
      <symbol id="sm-8f5">
         <name>__TI_cleanup_ptr</name>
         <value>0x20003a08</value>
         <object_component_ref idref="oc-14e"/>
      </symbol>
      <symbol id="sm-91a">
         <name>__aeabi_dmul</name>
         <value>0x776f</value>
         <object_component_ref idref="oc-193"/>
      </symbol>
      <symbol id="sm-927">
         <name>__aeabi_d2f</name>
         <value>0x7bed</value>
         <object_component_ref idref="oc-198"/>
      </symbol>
      <symbol id="sm-935">
         <name>__aeabi_f2d</name>
         <value>0x7cb9</value>
         <object_component_ref idref="oc-d7"/>
      </symbol>
      <symbol id="sm-950">
         <name>memcpy</name>
         <value>0x786b</value>
         <object_component_ref idref="oc-39"/>
      </symbol>
      <symbol id="sm-951">
         <name>__aeabi_memcpy</name>
         <value>0x786b</value>
         <object_component_ref idref="oc-39"/>
      </symbol>
      <symbol id="sm-952">
         <name>__aeabi_memcpy8</name>
         <value>0x786b</value>
         <object_component_ref idref="oc-39"/>
      </symbol>
      <symbol id="sm-953">
         <name>__aeabi_memcpy4</name>
         <value>0x786b</value>
         <object_component_ref idref="oc-39"/>
      </symbol>
      <symbol id="sm-962">
         <name>__aeabi_memset</name>
         <value>0x7909</value>
         <object_component_ref idref="oc-52"/>
      </symbol>
      <symbol id="sm-963">
         <name>memset</name>
         <value>0x790f</value>
         <object_component_ref idref="oc-52"/>
      </symbol>
      <symbol id="sm-964">
         <name>__aeabi_memset8</name>
         <value>0x7909</value>
         <object_component_ref idref="oc-52"/>
      </symbol>
      <symbol id="sm-965">
         <name>__aeabi_memset4</name>
         <value>0x7909</value>
         <object_component_ref idref="oc-52"/>
      </symbol>
      <symbol id="sm-966">
         <name>__aeabi_memclr8</name>
         <value>0x7907</value>
         <object_component_ref idref="oc-52"/>
      </symbol>
      <symbol id="sm-967">
         <name>__aeabi_memclr4</name>
         <value>0x7907</value>
         <object_component_ref idref="oc-52"/>
      </symbol>
      <symbol id="sm-968">
         <name>__aeabi_memclr</name>
         <value>0x7907</value>
         <object_component_ref idref="oc-52"/>
      </symbol>
      <symbol id="sm-972">
         <name>_system_pre_init</name>
         <value>0x7f1f</value>
         <object_component_ref idref="oc-5e"/>
      </symbol>
      <symbol id="sm-97b">
         <name>main_func_sp</name>
         <value>0x20003a18</value>
         <object_component_ref idref="oc-76"/>
      </symbol>
      <symbol id="sm-98a">
         <name>strcmp</name>
         <value>0x7e79</value>
         <object_component_ref idref="oc-e0"/>
      </symbol>
      <symbol id="sm-99c">
         <name>__aeabi_uidivmod</name>
         <value>0x7c79</value>
         <object_component_ref idref="oc-15c"/>
      </symbol>
      <symbol id="sm-99d">
         <name>__aeabi_uidiv</name>
         <value>0x7c79</value>
         <object_component_ref idref="oc-15c"/>
      </symbol>
      <symbol id="sm-9bd">
         <name>_nop</name>
         <value>0x7e9f</value>
         <object_component_ref idref="oc-22c"/>
      </symbol>
      <symbol id="sm-9be">
         <name>_lock</name>
         <value>0x20003a00</value>
         <object_component_ref idref="oc-14b"/>
      </symbol>
      <symbol id="sm-9bf">
         <name>_unlock</name>
         <value>0x20003a04</value>
         <object_component_ref idref="oc-14b"/>
      </symbol>
      <symbol id="sm-9c0">
         <name>_register_lock</name>
         <value>0x7e97</value>
         <object_component_ref idref="oc-22c"/>
      </symbol>
      <symbol id="sm-9c1">
         <name>_register_unlock</name>
         <value>0x7e91</value>
         <object_component_ref idref="oc-22c"/>
      </symbol>
      <symbol id="sm-9d6">
         <name>_args_main</name>
         <value>0x7e61</value>
         <object_component_ref idref="oc-6a"/>
      </symbol>
      <symbol id="sm-9fc">
         <name>__TI_auto_init</name>
         <value>0x7981</value>
         <object_component_ref idref="oc-64"/>
      </symbol>
      <symbol id="sm-a16">
         <name>copy_in</name>
         <value>0x7b11</value>
         <object_component_ref idref="oc-141"/>
      </symbol>
      <symbol id="sm-a22">
         <name>__aeabi_idiv0</name>
         <value>0x7a57</value>
         <object_component_ref idref="oc-23f"/>
      </symbol>
      <symbol id="sm-a25">
         <name>__TI_static_base__</name>
         <value>0x0</value>
      </symbol>
      <symbol id="sm-a28">
         <name>SHT$$INIT_ARRAY$$Limit</name>
         <value>0x0</value>
      </symbol>
      <symbol id="sm-a29">
         <name>SHT$$INIT_ARRAY$$Base</name>
         <value>0x0</value>
      </symbol>
   </symbol_table>
   <title>Link successful</title>
</link_info>
