<?xml version="1.0"?>
<link_info>
   <banner>TI ARM Linker PC v5.2.5</banner>
   <copyright>Copyright (c) 1996-2015 Texas Instruments Incorporated</copyright>
   <link_time>0x588a15c5</link_time>
   <link_errors>0x0</link_errors>
   <output_file>art-logger_final_work_ver1.out</output_file>
   <entry_point>
      <name>_c_int00</name>
      <address>0x7bc9</address>
   </entry_point>
   <input_file_list>
      <input_file id="fl-2">
         <path>.\</path>
         <kind>object</kind>
         <file>ak8975.obj</file>
         <name>ak8975.obj</name>
      </input_file>
      <input_file id="fl-3">
         <path>.\</path>
         <kind>object</kind>
         <file>art-logger_work_ver1.obj</file>
         <name>art-logger_work_ver1.obj</name>
      </input_file>
      <input_file id="fl-4">
         <path>.\</path>
         <kind>object</kind>
         <file>comp_dcm.obj</file>
         <name>comp_dcm.obj</name>
      </input_file>
      <input_file id="fl-5">
         <path>.\</path>
         <kind>object</kind>
         <file>ff.obj</file>
         <name>ff.obj</name>
      </input_file>
      <input_file id="fl-6">
         <path>.\</path>
         <kind>object</kind>
         <file>i2cm_drv.obj</file>
         <name>i2cm_drv.obj</name>
      </input_file>
      <input_file id="fl-7">
         <path>.\</path>
         <kind>object</kind>
         <file>mmc-ek-tm4c1294xl.obj</file>
         <name>mmc-ek-tm4c1294xl.obj</name>
      </input_file>
      <input_file id="fl-8">
         <path>.\</path>
         <kind>object</kind>
         <file>mpu9150.obj</file>
         <name>mpu9150.obj</name>
      </input_file>
      <input_file id="fl-9">
         <path>.\</path>
         <kind>object</kind>
         <file>tm4c1294ncpdt_startup_ccs.obj</file>
         <name>tm4c1294ncpdt_startup_ccs.obj</name>
      </input_file>
      <input_file id="fl-a">
         <path>.\</path>
         <kind>object</kind>
         <file>uartstdio.obj</file>
         <name>uartstdio.obj</name>
      </input_file>
      <input_file id="fl-b">
         <path>.\</path>
         <kind>object</kind>
         <file>ustdlib.obj</file>
         <name>ustdlib.obj</name>
      </input_file>
      <input_file id="fl-12">
         <path>C:\ti\TivaWare_C_Series-2.1.2.111\driverlib\ccs\Debug\</path>
         <kind>archive</kind>
         <file>driverlib.lib</file>
         <name>can.obj</name>
      </input_file>
      <input_file id="fl-13">
         <path>C:\ti\TivaWare_C_Series-2.1.2.111\driverlib\ccs\Debug\</path>
         <kind>archive</kind>
         <file>driverlib.lib</file>
         <name>gpio.obj</name>
      </input_file>
      <input_file id="fl-14">
         <path>C:\ti\TivaWare_C_Series-2.1.2.111\driverlib\ccs\Debug\</path>
         <kind>archive</kind>
         <file>driverlib.lib</file>
         <name>interrupt.obj</name>
      </input_file>
      <input_file id="fl-15">
         <path>C:\ti\TivaWare_C_Series-2.1.2.111\driverlib\ccs\Debug\</path>
         <kind>archive</kind>
         <file>driverlib.lib</file>
         <name>sysctl.obj</name>
      </input_file>
      <input_file id="fl-16">
         <path>C:\ti\TivaWare_C_Series-2.1.2.111\driverlib\ccs\Debug\</path>
         <kind>archive</kind>
         <file>driverlib.lib</file>
         <name>cpu.obj</name>
      </input_file>
      <input_file id="fl-17">
         <path>C:\ti\TivaWare_C_Series-2.1.2.111\sensorlib\ccs\Debug\</path>
         <kind>archive</kind>
         <file>sensorlib.lib</file>
         <name>vector.obj</name>
      </input_file>
      <input_file id="fl-139">
         <path>C:\ti\ccsv6\tools\compiler\ti-cgt-arm_5.2.5\lib\</path>
         <kind>archive</kind>
         <file>rtsv7M4_T_le_v4SPD16_eabi.lib</file>
         <name>asinf.obj</name>
      </input_file>
      <input_file id="fl-13a">
         <path>C:\ti\ccsv6\tools\compiler\ti-cgt-arm_5.2.5\lib\</path>
         <kind>archive</kind>
         <file>rtsv7M4_T_le_v4SPD16_eabi.lib</file>
         <name>atan2f.obj</name>
      </input_file>
      <input_file id="fl-13b">
         <path>C:\ti\ccsv6\tools\compiler\ti-cgt-arm_5.2.5\lib\</path>
         <kind>archive</kind>
         <file>rtsv7M4_T_le_v4SPD16_eabi.lib</file>
         <name>boot.obj</name>
      </input_file>
      <input_file id="fl-13c">
         <path>C:\ti\ccsv6\tools\compiler\ti-cgt-arm_5.2.5\lib\</path>
         <kind>archive</kind>
         <file>rtsv7M4_T_le_v4SPD16_eabi.lib</file>
         <name>copy_decompress_none.obj</name>
      </input_file>
      <input_file id="fl-13d">
         <path>C:\ti\ccsv6\tools\compiler\ti-cgt-arm_5.2.5\lib\</path>
         <kind>archive</kind>
         <file>rtsv7M4_T_le_v4SPD16_eabi.lib</file>
         <name>copy_decompress_rle.obj</name>
      </input_file>
      <input_file id="fl-13e">
         <path>C:\ti\ccsv6\tools\compiler\ti-cgt-arm_5.2.5\lib\</path>
         <kind>archive</kind>
         <file>rtsv7M4_T_le_v4SPD16_eabi.lib</file>
         <name>copy_zero_init.obj</name>
      </input_file>
      <input_file id="fl-13f">
         <path>C:\ti\ccsv6\tools\compiler\ti-cgt-arm_5.2.5\lib\</path>
         <kind>archive</kind>
         <file>rtsv7M4_T_le_v4SPD16_eabi.lib</file>
         <name>exit.obj</name>
      </input_file>
      <input_file id="fl-140">
         <path>C:\ti\ccsv6\tools\compiler\ti-cgt-arm_5.2.5\lib\</path>
         <kind>archive</kind>
         <file>rtsv7M4_T_le_v4SPD16_eabi.lib</file>
         <name>fd_add_t2.obj</name>
      </input_file>
      <input_file id="fl-141">
         <path>C:\ti\ccsv6\tools\compiler\ti-cgt-arm_5.2.5\lib\</path>
         <kind>archive</kind>
         <file>rtsv7M4_T_le_v4SPD16_eabi.lib</file>
         <name>fd_mul_t2.obj</name>
      </input_file>
      <input_file id="fl-142">
         <path>C:\ti\ccsv6\tools\compiler\ti-cgt-arm_5.2.5\lib\</path>
         <kind>archive</kind>
         <file>rtsv7M4_T_le_v4SPD16_eabi.lib</file>
         <name>fd_tos_t2.obj</name>
      </input_file>
      <input_file id="fl-143">
         <path>C:\ti\ccsv6\tools\compiler\ti-cgt-arm_5.2.5\lib\</path>
         <kind>archive</kind>
         <file>rtsv7M4_T_le_v4SPD16_eabi.lib</file>
         <name>fs_tod_t2.obj</name>
      </input_file>
      <input_file id="fl-144">
         <path>C:\ti\ccsv6\tools\compiler\ti-cgt-arm_5.2.5\lib\</path>
         <kind>archive</kind>
         <file>rtsv7M4_T_le_v4SPD16_eabi.lib</file>
         <name>memcpy_t2.obj</name>
      </input_file>
      <input_file id="fl-145">
         <path>C:\ti\ccsv6\tools\compiler\ti-cgt-arm_5.2.5\lib\</path>
         <kind>archive</kind>
         <file>rtsv7M4_T_le_v4SPD16_eabi.lib</file>
         <name>memset_t2.obj</name>
      </input_file>
      <input_file id="fl-146">
         <path>C:\ti\ccsv6\tools\compiler\ti-cgt-arm_5.2.5\lib\</path>
         <kind>archive</kind>
         <file>rtsv7M4_T_le_v4SPD16_eabi.lib</file>
         <name>pre_init.obj</name>
      </input_file>
      <input_file id="fl-147">
         <path>C:\ti\ccsv6\tools\compiler\ti-cgt-arm_5.2.5\lib\</path>
         <kind>archive</kind>
         <file>rtsv7M4_T_le_v4SPD16_eabi.lib</file>
         <name>sqrtf.obj</name>
      </input_file>
      <input_file id="fl-148">
         <path>C:\ti\ccsv6\tools\compiler\ti-cgt-arm_5.2.5\lib\</path>
         <kind>archive</kind>
         <file>rtsv7M4_T_le_v4SPD16_eabi.lib</file>
         <name>stkdepth_vars.obj</name>
      </input_file>
      <input_file id="fl-149">
         <path>C:\ti\ccsv6\tools\compiler\ti-cgt-arm_5.2.5\lib\</path>
         <kind>archive</kind>
         <file>rtsv7M4_T_le_v4SPD16_eabi.lib</file>
         <name>strcmp.obj</name>
      </input_file>
      <input_file id="fl-14a">
         <path>C:\ti\ccsv6\tools\compiler\ti-cgt-arm_5.2.5\lib\</path>
         <kind>archive</kind>
         <file>rtsv7M4_T_le_v4SPD16_eabi.lib</file>
         <name>u_divt2.obj</name>
      </input_file>
      <input_file id="fl-14b">
         <path>C:\ti\ccsv6\tools\compiler\ti-cgt-arm_5.2.5\lib\</path>
         <kind>archive</kind>
         <file>rtsv7M4_T_le_v4SPD16_eabi.lib</file>
         <name>xfatan.obj</name>
      </input_file>
      <input_file id="fl-14c">
         <path>C:\ti\ccsv6\tools\compiler\ti-cgt-arm_5.2.5\lib\</path>
         <kind>archive</kind>
         <file>rtsv7M4_T_le_v4SPD16_eabi.lib</file>
         <name>xfdclass.obj</name>
      </input_file>
      <input_file id="fl-14d">
         <path>C:\ti\ccsv6\tools\compiler\ti-cgt-arm_5.2.5\lib\</path>
         <kind>archive</kind>
         <file>rtsv7M4_T_le_v4SPD16_eabi.lib</file>
         <name>xferaise.obj</name>
      </input_file>
      <input_file id="fl-14e">
         <path>C:\ti\ccsv6\tools\compiler\ti-cgt-arm_5.2.5\lib\</path>
         <kind>archive</kind>
         <file>rtsv7M4_T_le_v4SPD16_eabi.lib</file>
         <name>xfvalues.obj</name>
      </input_file>
      <input_file id="fl-14f">
         <path>C:\ti\ccsv6\tools\compiler\ti-cgt-arm_5.2.5\lib\</path>
         <kind>archive</kind>
         <file>rtsv7M4_T_le_v4SPD16_eabi.lib</file>
         <name>_lock.obj</name>
      </input_file>
      <input_file id="fl-150">
         <path>C:\ti\ccsv6\tools\compiler\ti-cgt-arm_5.2.5\lib\</path>
         <kind>archive</kind>
         <file>rtsv7M4_T_le_v4SPD16_eabi.lib</file>
         <name>args_main.obj</name>
      </input_file>
      <input_file id="fl-151">
         <path>C:\ti\ccsv6\tools\compiler\ti-cgt-arm_5.2.5\lib\</path>
         <kind>archive</kind>
         <file>rtsv7M4_T_le_v4SPD16_eabi.lib</file>
         <name>autoinit.obj</name>
      </input_file>
      <input_file id="fl-152">
         <path>C:\ti\ccsv6\tools\compiler\ti-cgt-arm_5.2.5\lib\</path>
         <kind>archive</kind>
         <file>rtsv7M4_T_le_v4SPD16_eabi.lib</file>
         <name>cpy_tbl.obj</name>
      </input_file>
      <input_file id="fl-153">
         <path>C:\ti\ccsv6\tools\compiler\ti-cgt-arm_5.2.5\lib\</path>
         <kind>archive</kind>
         <file>rtsv7M4_T_le_v4SPD16_eabi.lib</file>
         <name>errno.obj</name>
      </input_file>
      <input_file id="fl-154">
         <path>C:\ti\ccsv6\tools\compiler\ti-cgt-arm_5.2.5\lib\</path>
         <kind>archive</kind>
         <file>rtsv7M4_T_le_v4SPD16_eabi.lib</file>
         <name>feraiseexcept.obj</name>
      </input_file>
      <input_file id="fl-155">
         <path>C:\ti\ccsv6\tools\compiler\ti-cgt-arm_5.2.5\lib\</path>
         <kind>archive</kind>
         <file>rtsv7M4_T_le_v4SPD16_eabi.lib</file>
         <name>i_div0.obj</name>
      </input_file>
      <input_file id="fl-156">
         <path>C:\ti\ccsv6\tools\compiler\ti-cgt-arm_5.2.5\lib\</path>
         <kind>archive</kind>
         <file>rtsv7M4_T_le_v4SPD16_eabi.lib</file>
         <name>raise.obj</name>
      </input_file>
      <input_file id="fl-157">
         <path>C:\ti\ccsv6\tools\compiler\ti-cgt-arm_5.2.5\lib\</path>
         <kind>archive</kind>
         <file>rtsv7M4_T_le_v4SPD16_eabi.lib</file>
         <name>signal.obj</name>
      </input_file>
   </input_file_list>
   <object_component_list>
      <object_component id="oc-f">
         <name>.intvecs</name>
         <load_address>0x0</load_address>
         <run_address>0x0</run_address>
         <size>0x208</size>
         <input_file_ref idref="fl-9"/>
      </object_component>
      <object_component id="oc-105">
         <name>.text</name>
         <load_address>0x208</load_address>
         <run_address>0x208</run_address>
         <size>0x2ed4</size>
         <input_file_ref idref="fl-5"/>
      </object_component>
      <object_component id="oc-30">
         <name>.text</name>
         <load_address>0x30dc</load_address>
         <run_address>0x30dc</run_address>
         <size>0x1e20</size>
         <input_file_ref idref="fl-3"/>
      </object_component>
      <object_component id="oc-b5">
         <name>.text</name>
         <load_address>0x4efc</load_address>
         <run_address>0x4efc</run_address>
         <size>0xcd8</size>
         <input_file_ref idref="fl-6"/>
      </object_component>
      <object_component id="oc-1f0">
         <name>.text</name>
         <load_address>0x5bd4</load_address>
         <run_address>0x5bd4</run_address>
         <size>0xa10</size>
         <input_file_ref idref="fl-7"/>
      </object_component>
      <object_component id="oc-ac">
         <name>.text</name>
         <load_address>0x65e4</load_address>
         <run_address>0x65e4</run_address>
         <size>0x95c</size>
         <input_file_ref idref="fl-8"/>
      </object_component>
      <object_component id="oc-7b">
         <name>.text</name>
         <load_address>0x6f40</load_address>
         <run_address>0x6f40</run_address>
         <size>0x4dc</size>
         <input_file_ref idref="fl-a"/>
      </object_component>
      <object_component id="oc-115">
         <name>.text:SysCtlClockFreqSet</name>
         <load_address>0x741c</load_address>
         <run_address>0x741c</run_address>
         <size>0x204</size>
         <input_file_ref idref="fl-15"/>
      </object_component>
      <object_component id="oc-91">
         <name>.text:CANMessageSet</name>
         <load_address>0x7620</load_address>
         <run_address>0x7620</run_address>
         <size>0x136</size>
         <input_file_ref idref="fl-12"/>
      </object_component>
      <object_component id="oc-192">
         <name>.text:GPIOPadConfigSet</name>
         <load_address>0x7756</load_address>
         <run_address>0x7756</run_address>
         <size>0x132</size>
         <input_file_ref idref="fl-13"/>
      </object_component>
      <object_component id="oc-1be">
         <name>.text</name>
         <load_address>0x7888</load_address>
         <run_address>0x7888</run_address>
         <size>0xfc</size>
         <input_file_ref idref="fl-141"/>
      </object_component>
      <object_component id="oc-39">
         <name>.text</name>
         <load_address>0x7984</load_address>
         <run_address>0x7984</run_address>
         <size>0x9c</size>
         <input_file_ref idref="fl-144"/>
      </object_component>
      <object_component id="oc-52">
         <name>.text</name>
         <load_address>0x7a20</load_address>
         <run_address>0x7a20</run_address>
         <size>0x7a</size>
         <input_file_ref idref="fl-145"/>
      </object_component>
      <object_component id="oc-244">
         <name>.text</name>
         <load_address>0x7a9a</load_address>
         <run_address>0x7a9a</run_address>
         <size>0x2</size>
         <input_file_ref idref="fl-155"/>
      </object_component>
      <object_component id="oc-64">
         <name>.text</name>
         <load_address>0x7a9c</load_address>
         <run_address>0x7a9c</run_address>
         <size>0x6c</size>
         <input_file_ref idref="fl-151"/>
      </object_component>
      <object_component id="oc-45">
         <name>.text</name>
         <load_address>0x7b08</load_address>
         <run_address>0x7b08</run_address>
         <size>0x6a</size>
         <input_file_ref idref="fl-13d"/>
      </object_component>
      <object_component id="oc-df">
         <name>.text:GPIOIntTypeSet</name>
         <load_address>0x7b72</load_address>
         <run_address>0x7b72</run_address>
         <size>0x56</size>
         <input_file_ref idref="fl-13"/>
      </object_component>
      <object_component id="oc-24">
         <name>.text</name>
         <load_address>0x7bc8</load_address>
         <run_address>0x7bc8</run_address>
         <size>0x50</size>
         <input_file_ref idref="fl-13b"/>
      </object_component>
      <object_component id="oc-14d">
         <name>.text</name>
         <load_address>0x7c18</load_address>
         <run_address>0x7c18</run_address>
         <size>0x4c</size>
         <input_file_ref idref="fl-152"/>
      </object_component>
      <object_component id="oc-c1">
         <name>.text:GPIOPinConfigure</name>
         <load_address>0x7c64</load_address>
         <run_address>0x7c64</run_address>
         <size>0x48</size>
         <input_file_ref idref="fl-13"/>
      </object_component>
      <object_component id="oc-20c">
         <name>.text:_SysCtlFrequencyGet</name>
         <load_address>0x7cac</load_address>
         <run_address>0x7cac</run_address>
         <size>0x48</size>
         <input_file_ref idref="fl-15"/>
      </object_component>
      <object_component id="oc-1c3">
         <name>.text</name>
         <load_address>0x7cf4</load_address>
         <run_address>0x7cf4</run_address>
         <size>0x48</size>
         <input_file_ref idref="fl-142"/>
      </object_component>
      <object_component id="oc-70">
         <name>.text</name>
         <load_address>0x7d3c</load_address>
         <run_address>0x7d3c</run_address>
         <size>0x44</size>
         <input_file_ref idref="fl-13f"/>
      </object_component>
      <object_component id="oc-168">
         <name>.text</name>
         <load_address>0x7d80</load_address>
         <run_address>0x7d80</run_address>
         <size>0x40</size>
         <input_file_ref idref="fl-14a"/>
      </object_component>
      <object_component id="oc-fa">
         <name>.text</name>
         <load_address>0x7dc0</load_address>
         <run_address>0x7dc0</run_address>
         <size>0x38</size>
         <input_file_ref idref="fl-143"/>
      </object_component>
      <object_component id="oc-1ad">
         <name>.text:I2CMRead</name>
         <load_address>0x7df8</load_address>
         <run_address>0x7df8</run_address>
         <size>0x36</size>
         <input_file_ref idref="fl-2"/>
      </object_component>
      <object_component id="oc-1b4">
         <name>.text:I2CMWrite</name>
         <load_address>0x7e2e</load_address>
         <run_address>0x7e2e</run_address>
         <size>0x36</size>
         <input_file_ref idref="fl-2"/>
      </object_component>
      <object_component id="oc-1d2">
         <name>.text:I2CMWriteBatched</name>
         <load_address>0x7e64</load_address>
         <run_address>0x7e64</run_address>
         <size>0x36</size>
         <input_file_ref idref="fl-2"/>
      </object_component>
      <object_component id="oc-e6">
         <name>.text:SysCtlPeripheralDisable</name>
         <load_address>0x7e9c</load_address>
         <run_address>0x7e9c</run_address>
         <size>0x34</size>
         <input_file_ref idref="fl-15"/>
      </object_component>
      <object_component id="oc-bb">
         <name>.text:SysCtlPeripheralEnable</name>
         <load_address>0x7ed0</load_address>
         <run_address>0x7ed0</run_address>
         <size>0x34</size>
         <input_file_ref idref="fl-15"/>
      </object_component>
      <object_component id="oc-18c">
         <name>.text:GPIODirModeSet</name>
         <load_address>0x7f04</load_address>
         <run_address>0x7f04</run_address>
         <size>0x2a</size>
         <input_file_ref idref="fl-13"/>
      </object_component>
      <object_component id="oc-199">
         <name>.text:_CANDataRegWrite</name>
         <load_address>0x7f2e</load_address>
         <run_address>0x7f2e</run_address>
         <size>0x24</size>
         <input_file_ref idref="fl-12"/>
      </object_component>
      <object_component id="oc-206">
         <name>.text:_SysCtlMemTimingGet</name>
         <load_address>0x7f54</load_address>
         <run_address>0x7f54</run_address>
         <size>0x20</size>
         <input_file_ref idref="fl-15"/>
      </object_component>
      <object_component id="oc-6a">
         <name>.text</name>
         <load_address>0x7f74</load_address>
         <run_address>0x7f74</run_address>
         <size>0x18</size>
         <input_file_ref idref="fl-150"/>
      </object_component>
      <object_component id="oc-f4">
         <name>.text</name>
         <load_address>0x7f8c</load_address>
         <run_address>0x7f8c</run_address>
         <size>0x18</size>
         <input_file_ref idref="fl-149"/>
      </object_component>
      <object_component id="oc-231">
         <name>.text</name>
         <load_address>0x7fa4</load_address>
         <run_address>0x7fa4</run_address>
         <size>0x14</size>
         <input_file_ref idref="fl-14f"/>
      </object_component>
      <object_component id="oc-8a">
         <name>.text:GPIOPinTypeCAN</name>
         <load_address>0x7fb8</load_address>
         <run_address>0x7fb8</run_address>
         <size>0x12</size>
         <input_file_ref idref="fl-13"/>
      </object_component>
      <object_component id="oc-d3">
         <name>.text:GPIOPinTypeGPIOInput</name>
         <load_address>0x7fca</load_address>
         <run_address>0x7fca</run_address>
         <size>0x12</size>
         <input_file_ref idref="fl-13"/>
      </object_component>
      <object_component id="oc-cd">
         <name>.text:GPIOPinTypeI2C</name>
         <load_address>0x7fdc</load_address>
         <run_address>0x7fdc</run_address>
         <size>0x12</size>
         <input_file_ref idref="fl-13"/>
      </object_component>
      <object_component id="oc-c7">
         <name>.text:GPIOPinTypeI2CSCL</name>
         <load_address>0x7fee</load_address>
         <run_address>0x7fee</run_address>
         <size>0x12</size>
         <input_file_ref idref="fl-13"/>
      </object_component>
      <object_component id="oc-a0">
         <name>.text:GPIOIntStatus</name>
         <load_address>0x8000</load_address>
         <run_address>0x8000</run_address>
         <size>0xe</size>
         <input_file_ref idref="fl-13"/>
      </object_component>
      <object_component id="oc-12">
         <name>.text:decompress:none</name>
         <load_address>0x800e</load_address>
         <run_address>0x800e</run_address>
         <size>0xe</size>
         <input_file_ref idref="fl-13c"/>
      </object_component>
      <object_component id="oc-d9">
         <name>.text:GPIOIntEnable</name>
         <load_address>0x801c</load_address>
         <run_address>0x801c</run_address>
         <size>0xc</size>
         <input_file_ref idref="fl-13"/>
      </object_component>
      <object_component id="oc-1cc">
         <name>.text:IntTrigger</name>
         <load_address>0x8028</load_address>
         <run_address>0x8028</run_address>
         <size>0xc</size>
         <input_file_ref idref="fl-14"/>
      </object_component>
      <object_component id="oc-1e">
         <name>.text:decompress:ZI</name>
         <load_address>0x8034</load_address>
         <run_address>0x8034</run_address>
         <size>0xc</size>
         <input_file_ref idref="fl-13e"/>
      </object_component>
      <object_component id="oc-2a">
         <name>.text</name>
         <load_address>0x8040</load_address>
         <run_address>0x8040</run_address>
         <size>0xc</size>
         <input_file_ref idref="fl-9"/>
      </object_component>
      <object_component id="oc-a6">
         <name>.text:GPIOIntClear</name>
         <load_address>0x804c</load_address>
         <run_address>0x804c</run_address>
         <size>0x6</size>
         <input_file_ref idref="fl-13"/>
      </object_component>
      <object_component id="oc-18">
         <name>.text:decompress:rle24</name>
         <load_address>0x8052</load_address>
         <run_address>0x8052</run_address>
         <size>0x6</size>
         <input_file_ref idref="fl-13d"/>
      </object_component>
      <object_component id="oc-5e">
         <name>.text</name>
         <load_address>0x8058</load_address>
         <run_address>0x8058</run_address>
         <size>0x4</size>
         <input_file_ref idref="fl-146"/>
      </object_component>
      <object_component id="oc-215">
         <name>.const:g_pppui32XTALtoVCO</name>
         <load_address>0x805c</load_address>
         <run_address>0x805c</run_address>
         <size>0x120</size>
         <input_file_ref idref="fl-15"/>
      </object_component>
      <object_component id="oc-1dd">
         <name>.const:g_pui32GPIOBaseAddrs</name>
         <load_address>0x817c</load_address>
         <run_address>0x817c</run_address>
         <size>0x90</size>
         <input_file_ref idref="fl-13"/>
      </object_component>
      <object_component id="oc-212">
         <name>.const:g_pui32Xtals</name>
         <load_address>0x820c</load_address>
         <run_address>0x820c</run_address>
         <size>0x6c</size>
         <input_file_ref idref="fl-15"/>
      </object_component>
      <object_component id="oc-27a">
         <name>.const:g_sXTALtoMEMTIM</name>
         <load_address>0x8278</load_address>
         <run_address>0x8278</run_address>
         <size>0x30</size>
         <input_file_ref idref="fl-15"/>
      </object_component>
      <object_component id="oc-1bb">
         <name>.const</name>
         <load_address>0x82a8</load_address>
         <run_address>0x82a8</run_address>
         <size>0x20</size>
         <input_file_ref idref="fl-8"/>
      </object_component>
      <object_component id="oc-162">
         <name>.const</name>
         <load_address>0x82c8</load_address>
         <run_address>0x82c8</run_address>
         <size>0x1c</size>
         <input_file_ref idref="fl-a"/>
      </object_component>
      <object_component id="oc-23f">
         <name>.const:.string</name>
         <load_address>0x82e4</load_address>
         <run_address>0x82e4</run_address>
         <size>0x12</size>
         <input_file_ref idref="fl-a"/>
      </object_component>
      <object_component id="oc-218">
         <name>.const</name>
         <load_address>0x82f8</load_address>
         <run_address>0x82f8</run_address>
         <size>0x8</size>
         <input_file_ref idref="fl-15"/>
      </object_component>
      <object_component id="oc-2bd">
         <name>.cinit..data.load</name>
         <load_address>0x8300</load_address>
         <run_address>0x8300</run_address>
         <size>0x53</size>
      </object_component>
      <object_component id="oc-2bb">
         <name>__TI_handler_table</name>
         <load_address>0x8354</load_address>
         <run_address>0x8354</run_address>
         <size>0xc</size>
      </object_component>
      <object_component id="oc-2be">
         <name>.cinit..bss.load</name>
         <load_address>0x8360</load_address>
         <run_address>0x8360</run_address>
         <size>0x8</size>
      </object_component>
      <object_component id="oc-2bc">
         <name>__TI_cinit_table</name>
         <load_address>0x8368</load_address>
         <run_address>0x8368</run_address>
         <size>0x10</size>
      </object_component>
      <object_component id="oc-29">
         <name>.stack</name>
         <uninitialized>true</uninitialized>
         <run_address>0x20000000</run_address>
         <size>0x0</size>
         <input_file_ref idref="fl-13b"/>
      </object_component>
      <object_component id="oc-2bf">
         <name>.stack</name>
         <uninitialized>true</uninitialized>
         <run_address>0x20000000</run_address>
         <size>0x0</size>
      </object_component>
      <object_component id="oc-10b">
         <name>.bss:driveObj</name>
         <uninitialized>true</uninitialized>
         <run_address>0x20003180</run_address>
         <size>0x234</size>
         <input_file_ref idref="fl-3"/>
      </object_component>
      <object_component id="oc-10e">
         <name>.bss:fileObj</name>
         <uninitialized>true</uninitialized>
         <run_address>0x200033b4</run_address>
         <size>0x224</size>
         <input_file_ref idref="fl-3"/>
      </object_component>
      <object_component id="oc-97">
         <name>.bss:ui32ADCBuffer</name>
         <uninitialized>true</uninitialized>
         <run_address>0x200037cc</run_address>
         <size>0x40</size>
         <input_file_ref idref="fl-3"/>
      </object_component>
      <object_component id="oc-ff">
         <name>.bss:analogChannelVector</name>
         <uninitialized>true</uninitialized>
         <run_address>0x20002e80</run_address>
         <size>0x300</size>
         <input_file_ref idref="fl-3"/>
      </object_component>
      <object_component id="oc-b2">
         <name>.bss:CAN1ItemsVector</name>
         <uninitialized>true</uninitialized>
         <run_address>0x20002000</run_address>
         <size>0xe80</size>
         <input_file_ref idref="fl-3"/>
      </object_component>
      <object_component id="oc-87">
         <name>.bss:GPSString</name>
         <uninitialized>true</uninitialized>
         <run_address>0x20003768</run_address>
         <size>0x64</size>
         <input_file_ref idref="fl-3"/>
      </object_component>
      <object_component id="oc-f1">
         <name>.bss:g_sI2CInst</name>
         <uninitialized>true</uninitialized>
         <run_address>0x200035d8</run_address>
         <size>0x124</size>
         <input_file_ref idref="fl-3"/>
      </object_component>
      <object_component id="oc-ee">
         <name>.bss:g_sMPU9150Inst</name>
         <uninitialized>true</uninitialized>
         <run_address>0x200036fc</run_address>
         <size>0x6c</size>
         <input_file_ref idref="fl-3"/>
      </object_component>
      <object_component id="oc-9d">
         <name>.common:g_pui32TimeStamp</name>
         <uninitialized>true</uninitialized>
         <run_address>0x20003878</run_address>
         <size>0x8</size>
      </object_component>
      <object_component id="oc-9e">
         <name>.common:ui32SysTickCount</name>
         <uninitialized>true</uninitialized>
         <run_address>0x20003894</run_address>
         <size>0x4</size>
      </object_component>
      <object_component id="oc-104">
         <name>.common:ui32LastSysTickCount</name>
         <uninitialized>true</uninitialized>
         <run_address>0x20003890</run_address>
         <size>0x4</size>
      </object_component>
      <object_component id="oc-81">
         <name>.common:ui32SystemClock</name>
         <uninitialized>true</uninitialized>
         <run_address>0x20003898</run_address>
         <size>0x4</size>
      </object_component>
      <object_component id="oc-11b">
         <name>.common:demoRec</name>
         <uninitialized>true</uninitialized>
         <run_address>0x2000380c</run_address>
         <size>0x20</size>
      </object_component>
      <object_component id="oc-11c">
         <name>.common:startLogging</name>
         <uninitialized>true</uninitialized>
         <run_address>0x200038a3</run_address>
         <size>0x1</size>
      </object_component>
      <object_component id="oc-e5">
         <name>.common:CANMsgObj</name>
         <uninitialized>true</uninitialized>
         <run_address>0x2000382c</run_address>
         <size>0x14</size>
      </object_component>
      <object_component id="oc-9f">
         <name>.common:bCANErrorFlag</name>
         <uninitialized>true</uninitialized>
         <run_address>0x200038a2</run_address>
         <size>0x1</size>
      </object_component>
      <object_component id="oc-90">
         <name>.common:GPSIntFlag</name>
         <uninitialized>true</uninitialized>
         <run_address>0x2000389f</run_address>
         <size>0x1</size>
      </object_component>
      <object_component id="oc-84">
         <name>.common:prevLati</name>
         <uninitialized>true</uninitialized>
         <run_address>0x20003858</run_address>
         <size>0xc</size>
      </object_component>
      <object_component id="oc-114">
         <name>.common:longi</name>
         <uninitialized>true</uninitialized>
         <run_address>0x2000384c</run_address>
         <size>0xc</size>
      </object_component>
      <object_component id="oc-85">
         <name>.common:prevLongi</name>
         <uninitialized>true</uninitialized>
         <run_address>0x20003864</run_address>
         <size>0xc</size>
      </object_component>
      <object_component id="oc-86">
         <name>.common:prevSpeed</name>
         <uninitialized>true</uninitialized>
         <run_address>0x2000388c</run_address>
         <size>0x4</size>
      </object_component>
      <object_component id="oc-102">
         <name>.common:g_pfAccel</name>
         <uninitialized>true</uninitialized>
         <run_address>0x20003840</run_address>
         <size>0xc</size>
      </object_component>
      <object_component id="oc-103">
         <name>.common:g_i16Accel</name>
         <uninitialized>true</uninitialized>
         <run_address>0x20003870</run_address>
         <size>0x8</size>
      </object_component>
      <object_component id="oc-ec">
         <name>.common:g_vui8I2CDoneFlag</name>
         <uninitialized>true</uninitialized>
         <run_address>0x20003888</run_address>
         <size>0x4</size>
      </object_component>
      <object_component id="oc-ed">
         <name>.common:g_vui8ErrorFlag</name>
         <uninitialized>true</uninitialized>
         <run_address>0x20003884</run_address>
         <size>0x4</size>
      </object_component>
      <object_component id="oc-1f6">
         <name>.common:FatFs</name>
         <uninitialized>true</uninitialized>
         <run_address>0x20003880</run_address>
         <size>0x4</size>
      </object_component>
      <object_component id="oc-1f9">
         <name>.common:Fsid</name>
         <uninitialized>true</uninitialized>
         <run_address>0x2000389c</run_address>
         <size>0x2</size>
      </object_component>
      <object_component id="oc-275">
         <name>.common:Timer1</name>
         <uninitialized>true</uninitialized>
         <run_address>0x200038a0</run_address>
         <size>0x1</size>
      </object_component>
      <object_component id="oc-26f">
         <name>.common:Timer2</name>
         <uninitialized>true</uninitialized>
         <run_address>0x200038a1</run_address>
         <size>0x1</size>
      </object_component>
      <object_component id="oc-276">
         <name>.common:CardType</name>
         <uninitialized>true</uninitialized>
         <run_address>0x2000389e</run_address>
         <size>0x1</size>
      </object_component>
      <object_component id="oc-9a">
         <name>.data</name>
         <load_address>0x200038c9</load_address>
         <run_address>0x200038c9</run_address>
         <size>0x1d</size>
         <input_file_ref idref="fl-3"/>
      </object_component>
      <object_component id="oc-111">
         <name>.data:cGPSHeaders</name>
         <load_address>0x200038a4</load_address>
         <run_address>0x200038a4</run_address>
         <size>0x25</size>
         <input_file_ref idref="fl-3"/>
      </object_component>
      <object_component id="oc-272">
         <name>.data</name>
         <load_address>0x200038e6</load_address>
         <run_address>0x200038e6</run_address>
         <size>0x2</size>
         <input_file_ref idref="fl-7"/>
      </object_component>
      <object_component id="oc-165">
         <name>.data</name>
         <load_address>0x200038f8</load_address>
         <run_address>0x200038f8</run_address>
         <size>0x5</size>
         <input_file_ref idref="fl-a"/>
      </object_component>
      <object_component id="oc-15a">
         <name>.data</name>
         <load_address>0x200038f0</load_address>
         <run_address>0x200038f0</run_address>
         <size>0x8</size>
         <input_file_ref idref="fl-13f"/>
      </object_component>
      <object_component id="oc-76">
         <name>.data</name>
         <load_address>0x20003900</load_address>
         <run_address>0x20003900</run_address>
         <size>0x4</size>
         <input_file_ref idref="fl-148"/>
      </object_component>
      <object_component id="oc-157">
         <name>.data</name>
         <load_address>0x200038e8</load_address>
         <run_address>0x200038e8</run_address>
         <size>0x8</size>
         <input_file_ref idref="fl-14f"/>
      </object_component>
      <object_component id="oc-24d">
         <name>.debug_info</name>
         <load_address>0x0</load_address>
         <run_address>0x0</run_address>
         <size>0x318</size>
         <input_file_ref idref="fl-2"/>
      </object_component>
      <object_component id="oc-1b6">
         <name>.debug_info</name>
         <load_address>0x318</load_address>
         <run_address>0x318</run_address>
         <size>0x2d3</size>
         <input_file_ref idref="fl-2"/>
      </object_component>
      <object_component id="oc-1ae">
         <name>.debug_info</name>
         <load_address>0x5eb</load_address>
         <run_address>0x5eb</run_address>
         <size>0x33f</size>
         <input_file_ref idref="fl-2"/>
      </object_component>
      <object_component id="oc-1d3">
         <name>.debug_info</name>
         <load_address>0x92a</load_address>
         <run_address>0x92a</run_address>
         <size>0x305</size>
         <input_file_ref idref="fl-2"/>
      </object_component>
      <object_component id="oc-17b">
         <name>.debug_info</name>
         <load_address>0xc2f</load_address>
         <run_address>0xc2f</run_address>
         <size>0x4e6</size>
         <input_file_ref idref="fl-2"/>
      </object_component>
      <object_component id="oc-24e">
         <name>.debug_info</name>
         <load_address>0x1115</load_address>
         <run_address>0x1115</run_address>
         <size>0x108</size>
         <input_file_ref idref="fl-2"/>
      </object_component>
      <object_component id="oc-134">
         <name>.debug_info</name>
         <load_address>0x121d</load_address>
         <run_address>0x121d</run_address>
         <size>0x84</size>
         <input_file_ref idref="fl-2"/>
      </object_component>
      <object_component id="oc-123">
         <name>.debug_info</name>
         <load_address>0x12a1</load_address>
         <run_address>0x12a1</run_address>
         <size>0x18b</size>
         <input_file_ref idref="fl-2"/>
      </object_component>
      <object_component id="oc-82">
         <name>.debug_info</name>
         <load_address>0x142c</load_address>
         <run_address>0x142c</run_address>
         <size>0xcd4</size>
         <input_file_ref idref="fl-3"/>
      </object_component>
      <object_component id="oc-9b">
         <name>.debug_info</name>
         <load_address>0x2100</load_address>
         <run_address>0x2100</run_address>
         <size>0x13f</size>
         <input_file_ref idref="fl-3"/>
      </object_component>
      <object_component id="oc-10c">
         <name>.debug_info</name>
         <load_address>0x223f</load_address>
         <run_address>0x223f</run_address>
         <size>0x10e</size>
         <input_file_ref idref="fl-3"/>
      </object_component>
      <object_component id="oc-10f">
         <name>.debug_info</name>
         <load_address>0x234d</load_address>
         <run_address>0x234d</run_address>
         <size>0x10c</size>
         <input_file_ref idref="fl-3"/>
      </object_component>
      <object_component id="oc-98">
         <name>.debug_info</name>
         <load_address>0x2459</load_address>
         <run_address>0x2459</run_address>
         <size>0x119</size>
         <input_file_ref idref="fl-3"/>
      </object_component>
      <object_component id="oc-100">
         <name>.debug_info</name>
         <load_address>0x2572</load_address>
         <run_address>0x2572</run_address>
         <size>0x125</size>
         <input_file_ref idref="fl-3"/>
      </object_component>
      <object_component id="oc-b3">
         <name>.debug_info</name>
         <load_address>0x2697</load_address>
         <run_address>0x2697</run_address>
         <size>0x11d</size>
         <input_file_ref idref="fl-3"/>
      </object_component>
      <object_component id="oc-88">
         <name>.debug_info</name>
         <load_address>0x27b4</load_address>
         <run_address>0x27b4</run_address>
         <size>0x111</size>
         <input_file_ref idref="fl-3"/>
      </object_component>
      <object_component id="oc-112">
         <name>.debug_info</name>
         <load_address>0x28c5</load_address>
         <run_address>0x28c5</run_address>
         <size>0x115</size>
         <input_file_ref idref="fl-3"/>
      </object_component>
      <object_component id="oc-f2">
         <name>.debug_info</name>
         <load_address>0x29da</load_address>
         <run_address>0x29da</run_address>
         <size>0x113</size>
         <input_file_ref idref="fl-3"/>
      </object_component>
      <object_component id="oc-ef">
         <name>.debug_info</name>
         <load_address>0x2aed</load_address>
         <run_address>0x2aed</run_address>
         <size>0x11b</size>
         <input_file_ref idref="fl-3"/>
      </object_component>
      <object_component id="oc-32">
         <name>.debug_info</name>
         <load_address>0x2c08</load_address>
         <run_address>0x2c08</run_address>
         <size>0x235a</size>
         <input_file_ref idref="fl-3"/>
      </object_component>
      <object_component id="oc-176">
         <name>.debug_info</name>
         <load_address>0x4f62</load_address>
         <run_address>0x4f62</run_address>
         <size>0x1b3</size>
         <input_file_ref idref="fl-3"/>
      </object_component>
      <object_component id="oc-128">
         <name>.debug_info</name>
         <load_address>0x5115</load_address>
         <run_address>0x5115</run_address>
         <size>0x4c5</size>
         <input_file_ref idref="fl-3"/>
      </object_component>
      <object_component id="oc-1a5">
         <name>.debug_info</name>
         <load_address>0x55da</load_address>
         <run_address>0x55da</run_address>
         <size>0x5f</size>
         <input_file_ref idref="fl-3"/>
      </object_component>
      <object_component id="oc-185">
         <name>.debug_info</name>
         <load_address>0x5639</load_address>
         <run_address>0x5639</run_address>
         <size>0xe4</size>
         <input_file_ref idref="fl-3"/>
      </object_component>
      <object_component id="oc-180">
         <name>.debug_info</name>
         <load_address>0x571d</load_address>
         <run_address>0x571d</run_address>
         <size>0x16c</size>
         <input_file_ref idref="fl-3"/>
      </object_component>
      <object_component id="oc-12d">
         <name>.debug_info</name>
         <load_address>0x5889</load_address>
         <run_address>0x5889</run_address>
         <size>0x494</size>
         <input_file_ref idref="fl-3"/>
      </object_component>
      <object_component id="oc-11e">
         <name>.debug_info</name>
         <load_address>0x5d1d</load_address>
         <run_address>0x5d1d</run_address>
         <size>0x8b</size>
         <input_file_ref idref="fl-3"/>
      </object_component>
      <object_component id="oc-16f">
         <name>.debug_info</name>
         <load_address>0x5da8</load_address>
         <run_address>0x5da8</run_address>
         <size>0x4e</size>
         <input_file_ref idref="fl-3"/>
      </object_component>
      <object_component id="oc-1f7">
         <name>.debug_info</name>
         <load_address>0x5df6</load_address>
         <run_address>0x5df6</run_address>
         <size>0x35c</size>
         <input_file_ref idref="fl-5"/>
      </object_component>
      <object_component id="oc-107">
         <name>.debug_info</name>
         <load_address>0x6152</load_address>
         <run_address>0x6152</run_address>
         <size>0x437d</size>
         <input_file_ref idref="fl-5"/>
      </object_component>
      <object_component id="oc-1fb">
         <name>.debug_info</name>
         <load_address>0xa4cf</load_address>
         <run_address>0xa4cf</run_address>
         <size>0x70</size>
         <input_file_ref idref="fl-5"/>
      </object_component>
      <object_component id="oc-1da">
         <name>.debug_info</name>
         <load_address>0xa53f</load_address>
         <run_address>0xa53f</run_address>
         <size>0x1cb</size>
         <input_file_ref idref="fl-6"/>
      </object_component>
      <object_component id="oc-b8">
         <name>.debug_info</name>
         <load_address>0xa70a</load_address>
         <run_address>0xa70a</run_address>
         <size>0x2780</size>
         <input_file_ref idref="fl-6"/>
      </object_component>
      <object_component id="oc-270">
         <name>.debug_info</name>
         <load_address>0xce8a</load_address>
         <run_address>0xce8a</run_address>
         <size>0x259</size>
         <input_file_ref idref="fl-7"/>
      </object_component>
      <object_component id="oc-273">
         <name>.debug_info</name>
         <load_address>0xd0e3</load_address>
         <run_address>0xd0e3</run_address>
         <size>0x15b</size>
         <input_file_ref idref="fl-7"/>
      </object_component>
      <object_component id="oc-1f4">
         <name>.debug_info</name>
         <load_address>0xd23e</load_address>
         <run_address>0xd23e</run_address>
         <size>0x1e3c</size>
         <input_file_ref idref="fl-7"/>
      </object_component>
      <object_component id="oc-1c9">
         <name>.debug_info</name>
         <load_address>0xf07a</load_address>
         <run_address>0xf07a</run_address>
         <size>0x34e</size>
         <input_file_ref idref="fl-8"/>
      </object_component>
      <object_component id="oc-1bc">
         <name>.debug_info</name>
         <load_address>0xf3c8</load_address>
         <run_address>0xf3c8</run_address>
         <size>0x180</size>
         <input_file_ref idref="fl-8"/>
      </object_component>
      <object_component id="oc-af">
         <name>.debug_info</name>
         <load_address>0xf548</load_address>
         <run_address>0xf548</run_address>
         <size>0x16f9</size>
         <input_file_ref idref="fl-8"/>
      </object_component>
      <object_component id="oc-38">
         <name>.debug_info</name>
         <load_address>0x10c41</load_address>
         <run_address>0x10c41</run_address>
         <size>0x239</size>
         <input_file_ref idref="fl-9"/>
      </object_component>
      <object_component id="oc-10">
         <name>.debug_info</name>
         <load_address>0x10e7a</load_address>
         <run_address>0x10e7a</run_address>
         <size>0x11c</size>
         <input_file_ref idref="fl-9"/>
      </object_component>
      <object_component id="oc-2d">
         <name>.debug_info</name>
         <load_address>0x10f96</load_address>
         <run_address>0x10f96</run_address>
         <size>0x29b</size>
         <input_file_ref idref="fl-9"/>
      </object_component>
      <object_component id="oc-16e">
         <name>.debug_info</name>
         <load_address>0x11231</load_address>
         <run_address>0x11231</run_address>
         <size>0x144</size>
         <input_file_ref idref="fl-a"/>
      </object_component>
      <object_component id="oc-166">
         <name>.debug_info</name>
         <load_address>0x11375</load_address>
         <run_address>0x11375</run_address>
         <size>0x12b</size>
         <input_file_ref idref="fl-a"/>
      </object_component>
      <object_component id="oc-163">
         <name>.debug_info</name>
         <load_address>0x114a0</load_address>
         <run_address>0x114a0</run_address>
         <size>0x181</size>
         <input_file_ref idref="fl-a"/>
      </object_component>
      <object_component id="oc-7f">
         <name>.debug_info</name>
         <load_address>0x11621</load_address>
         <run_address>0x11621</run_address>
         <size>0x903</size>
         <input_file_ref idref="fl-a"/>
      </object_component>
      <object_component id="oc-1a0">
         <name>.debug_info</name>
         <load_address>0x11f24</load_address>
         <run_address>0x11f24</run_address>
         <size>0x227</size>
         <input_file_ref idref="fl-12"/>
      </object_component>
      <object_component id="oc-19b">
         <name>.debug_info</name>
         <load_address>0x1214b</load_address>
         <run_address>0x1214b</run_address>
         <size>0x2dd</size>
         <input_file_ref idref="fl-12"/>
      </object_component>
      <object_component id="oc-93">
         <name>.debug_info</name>
         <load_address>0x12428</load_address>
         <run_address>0x12428</run_address>
         <size>0x413</size>
         <input_file_ref idref="fl-12"/>
      </object_component>
      <object_component id="oc-1ab">
         <name>.debug_info</name>
         <load_address>0x1283b</load_address>
         <run_address>0x1283b</run_address>
         <size>0x230</size>
         <input_file_ref idref="fl-13"/>
      </object_component>
      <object_component id="oc-1de">
         <name>.debug_info</name>
         <load_address>0x12a6b</load_address>
         <run_address>0x12a6b</run_address>
         <size>0x15b</size>
         <input_file_ref idref="fl-13"/>
      </object_component>
      <object_component id="oc-18f">
         <name>.debug_info</name>
         <load_address>0x12bc6</load_address>
         <run_address>0x12bc6</run_address>
         <size>0x2b3</size>
         <input_file_ref idref="fl-13"/>
      </object_component>
      <object_component id="oc-195">
         <name>.debug_info</name>
         <load_address>0x12e79</load_address>
         <run_address>0x12e79</run_address>
         <size>0x316</size>
         <input_file_ref idref="fl-13"/>
      </object_component>
      <object_component id="oc-ca">
         <name>.debug_info</name>
         <load_address>0x1318f</load_address>
         <run_address>0x1318f</run_address>
         <size>0x27f</size>
         <input_file_ref idref="fl-13"/>
      </object_component>
      <object_component id="oc-d0">
         <name>.debug_info</name>
         <load_address>0x1340e</load_address>
         <run_address>0x1340e</run_address>
         <size>0x279</size>
         <input_file_ref idref="fl-13"/>
      </object_component>
      <object_component id="oc-d6">
         <name>.debug_info</name>
         <load_address>0x13687</load_address>
         <run_address>0x13687</run_address>
         <size>0x285</size>
         <input_file_ref idref="fl-13"/>
      </object_component>
      <object_component id="oc-8c">
         <name>.debug_info</name>
         <load_address>0x1390c</load_address>
         <run_address>0x1390c</run_address>
         <size>0x279</size>
         <input_file_ref idref="fl-13"/>
      </object_component>
      <object_component id="oc-c3">
         <name>.debug_info</name>
         <load_address>0x13b85</load_address>
         <run_address>0x13b85</run_address>
         <size>0x280</size>
         <input_file_ref idref="fl-13"/>
      </object_component>
      <object_component id="oc-e1">
         <name>.debug_info</name>
         <load_address>0x13e05</load_address>
         <run_address>0x13e05</run_address>
         <size>0x2bb</size>
         <input_file_ref idref="fl-13"/>
      </object_component>
      <object_component id="oc-a2">
         <name>.debug_info</name>
         <load_address>0x140c0</load_address>
         <run_address>0x140c0</run_address>
         <size>0x27f</size>
         <input_file_ref idref="fl-13"/>
      </object_component>
      <object_component id="oc-db">
         <name>.debug_info</name>
         <load_address>0x1433f</load_address>
         <run_address>0x1433f</run_address>
         <size>0x28f</size>
         <input_file_ref idref="fl-13"/>
      </object_component>
      <object_component id="oc-a8">
         <name>.debug_info</name>
         <load_address>0x145ce</load_address>
         <run_address>0x145ce</run_address>
         <size>0x28d</size>
         <input_file_ref idref="fl-13"/>
      </object_component>
      <object_component id="oc-261">
         <name>.debug_info</name>
         <load_address>0x1485b</load_address>
         <run_address>0x1485b</run_address>
         <size>0x20e</size>
         <input_file_ref idref="fl-14"/>
      </object_component>
      <object_component id="oc-1ce">
         <name>.debug_info</name>
         <load_address>0x14a69</load_address>
         <run_address>0x14a69</run_address>
         <size>0x26a</size>
         <input_file_ref idref="fl-14"/>
      </object_component>
      <object_component id="oc-1dc">
         <name>.debug_info</name>
         <load_address>0x14cd3</load_address>
         <run_address>0x14cd3</run_address>
         <size>0x27f</size>
         <input_file_ref idref="fl-15"/>
      </object_component>
      <object_component id="oc-213">
         <name>.debug_info</name>
         <load_address>0x14f52</load_address>
         <run_address>0x14f52</run_address>
         <size>0x14d</size>
         <input_file_ref idref="fl-15"/>
      </object_component>
      <object_component id="oc-216">
         <name>.debug_info</name>
         <load_address>0x1509f</load_address>
         <run_address>0x1509f</run_address>
         <size>0x159</size>
         <input_file_ref idref="fl-15"/>
      </object_component>
      <object_component id="oc-27b">
         <name>.debug_info</name>
         <load_address>0x151f8</load_address>
         <run_address>0x151f8</run_address>
         <size>0x153</size>
         <input_file_ref idref="fl-15"/>
      </object_component>
      <object_component id="oc-219">
         <name>.debug_info</name>
         <load_address>0x1534b</load_address>
         <run_address>0x1534b</run_address>
         <size>0x160</size>
         <input_file_ref idref="fl-15"/>
      </object_component>
      <object_component id="oc-be">
         <name>.debug_info</name>
         <load_address>0x154ab</load_address>
         <run_address>0x154ab</run_address>
         <size>0x27d</size>
         <input_file_ref idref="fl-15"/>
      </object_component>
      <object_component id="oc-e9">
         <name>.debug_info</name>
         <load_address>0x15728</load_address>
         <run_address>0x15728</run_address>
         <size>0x27f</size>
         <input_file_ref idref="fl-15"/>
      </object_component>
      <object_component id="oc-20a">
         <name>.debug_info</name>
         <load_address>0x159a7</load_address>
         <run_address>0x159a7</run_address>
         <size>0x270</size>
         <input_file_ref idref="fl-15"/>
      </object_component>
      <object_component id="oc-210">
         <name>.debug_info</name>
         <load_address>0x15c17</load_address>
         <run_address>0x15c17</run_address>
         <size>0x2ba</size>
         <input_file_ref idref="fl-15"/>
      </object_component>
      <object_component id="oc-119">
         <name>.debug_info</name>
         <load_address>0x15ed1</load_address>
         <run_address>0x15ed1</run_address>
         <size>0x4cf</size>
         <input_file_ref idref="fl-15"/>
      </object_component>
      <object_component id="oc-266">
         <name>.debug_info</name>
         <load_address>0x163a0</load_address>
         <run_address>0x163a0</run_address>
         <size>0x5f</size>
         <input_file_ref idref="fl-15"/>
      </object_component>
      <object_component id="oc-25">
         <name>.debug_info</name>
         <load_address>0x163ff</load_address>
         <run_address>0x163ff</run_address>
         <size>0x134</size>
         <input_file_ref idref="fl-13b"/>
      </object_component>
      <object_component id="oc-44">
         <name>.debug_info</name>
         <load_address>0x16533</load_address>
         <run_address>0x16533</run_address>
         <size>0x121</size>
         <input_file_ref idref="fl-13c"/>
      </object_component>
      <object_component id="oc-14">
         <name>.debug_info</name>
         <load_address>0x16654</load_address>
         <run_address>0x16654</run_address>
         <size>0x1c0</size>
         <input_file_ref idref="fl-13c"/>
      </object_component>
      <object_component id="oc-3f">
         <name>.debug_info</name>
         <load_address>0x16814</load_address>
         <run_address>0x16814</run_address>
         <size>0x46</size>
         <input_file_ref idref="fl-13c"/>
      </object_component>
      <object_component id="oc-13a">
         <name>.debug_info</name>
         <load_address>0x1685a</load_address>
         <run_address>0x1685a</run_address>
         <size>0x2c</size>
         <input_file_ref idref="fl-13c"/>
      </object_component>
      <object_component id="oc-4c">
         <name>.debug_info</name>
         <load_address>0x16886</load_address>
         <run_address>0x16886</run_address>
         <size>0x115</size>
         <input_file_ref idref="fl-13d"/>
      </object_component>
      <object_component id="oc-48">
         <name>.debug_info</name>
         <load_address>0x1699b</load_address>
         <run_address>0x1699b</run_address>
         <size>0x228</size>
         <input_file_ref idref="fl-13d"/>
      </object_component>
      <object_component id="oc-1a">
         <name>.debug_info</name>
         <load_address>0x16bc3</load_address>
         <run_address>0x16bc3</run_address>
         <size>0x192</size>
         <input_file_ref idref="fl-13d"/>
      </object_component>
      <object_component id="oc-4d">
         <name>.debug_info</name>
         <load_address>0x16d55</load_address>
         <run_address>0x16d55</run_address>
         <size>0x39</size>
         <input_file_ref idref="fl-13d"/>
      </object_component>
      <object_component id="oc-144">
         <name>.debug_info</name>
         <load_address>0x16d8e</load_address>
         <run_address>0x16d8e</run_address>
         <size>0x2c</size>
         <input_file_ref idref="fl-13d"/>
      </object_component>
      <object_component id="oc-5d">
         <name>.debug_info</name>
         <load_address>0x16dba</load_address>
         <run_address>0x16dba</run_address>
         <size>0x110</size>
         <input_file_ref idref="fl-13e"/>
      </object_component>
      <object_component id="oc-1f">
         <name>.debug_info</name>
         <load_address>0x16eca</load_address>
         <run_address>0x16eca</run_address>
         <size>0x18b</size>
         <input_file_ref idref="fl-13e"/>
      </object_component>
      <object_component id="oc-58">
         <name>.debug_info</name>
         <load_address>0x17055</load_address>
         <run_address>0x17055</run_address>
         <size>0x46</size>
         <input_file_ref idref="fl-13e"/>
      </object_component>
      <object_component id="oc-15e">
         <name>.debug_info</name>
         <load_address>0x1709b</load_address>
         <run_address>0x1709b</run_address>
         <size>0x172</size>
         <input_file_ref idref="fl-13f"/>
      </object_component>
      <object_component id="oc-15b">
         <name>.debug_info</name>
         <load_address>0x1720d</load_address>
         <run_address>0x1720d</run_address>
         <size>0x117</size>
         <input_file_ref idref="fl-13f"/>
      </object_component>
      <object_component id="oc-72">
         <name>.debug_info</name>
         <load_address>0x17324</load_address>
         <run_address>0x17324</run_address>
         <size>0x1ee</size>
         <input_file_ref idref="fl-13f"/>
      </object_component>
      <object_component id="oc-1bf">
         <name>.debug_info</name>
         <load_address>0x17512</load_address>
         <run_address>0x17512</run_address>
         <size>0x117</size>
         <input_file_ref idref="fl-141"/>
      </object_component>
      <object_component id="oc-1c6">
         <name>.debug_info</name>
         <load_address>0x17629</load_address>
         <run_address>0x17629</run_address>
         <size>0x112</size>
         <input_file_ref idref="fl-142"/>
      </object_component>
      <object_component id="oc-fd">
         <name>.debug_info</name>
         <load_address>0x1773b</load_address>
         <run_address>0x1773b</run_address>
         <size>0x109</size>
         <input_file_ref idref="fl-143"/>
      </object_component>
      <object_component id="oc-3a">
         <name>.debug_info</name>
         <load_address>0x17844</load_address>
         <run_address>0x17844</run_address>
         <size>0xf6</size>
         <input_file_ref idref="fl-144"/>
      </object_component>
      <object_component id="oc-53">
         <name>.debug_info</name>
         <load_address>0x1793a</load_address>
         <run_address>0x1793a</run_address>
         <size>0x124</size>
         <input_file_ref idref="fl-145"/>
      </object_component>
      <object_component id="oc-60">
         <name>.debug_info</name>
         <load_address>0x17a5e</load_address>
         <run_address>0x17a5e</run_address>
         <size>0x129</size>
         <input_file_ref idref="fl-146"/>
      </object_component>
      <object_component id="oc-77">
         <name>.debug_info</name>
         <load_address>0x17b87</load_address>
         <run_address>0x17b87</run_address>
         <size>0xea</size>
         <input_file_ref idref="fl-148"/>
      </object_component>
      <object_component id="oc-1ec">
         <name>.debug_info</name>
         <load_address>0x17c71</load_address>
         <run_address>0x17c71</run_address>
         <size>0xc6</size>
         <input_file_ref idref="fl-149"/>
      </object_component>
      <object_component id="oc-f5">
         <name>.debug_info</name>
         <load_address>0x17d37</load_address>
         <run_address>0x17d37</run_address>
         <size>0x225</size>
         <input_file_ref idref="fl-149"/>
      </object_component>
      <object_component id="oc-169">
         <name>.debug_info</name>
         <load_address>0x17f5c</load_address>
         <run_address>0x17f5c</run_address>
         <size>0x11f</size>
         <input_file_ref idref="fl-14a"/>
      </object_component>
      <object_component id="oc-239">
         <name>.debug_info</name>
         <load_address>0x1807b</load_address>
         <run_address>0x1807b</run_address>
         <size>0x105</size>
         <input_file_ref idref="fl-14f"/>
      </object_component>
      <object_component id="oc-158">
         <name>.debug_info</name>
         <load_address>0x18180</load_address>
         <run_address>0x18180</run_address>
         <size>0xf4</size>
         <input_file_ref idref="fl-14f"/>
      </object_component>
      <object_component id="oc-233">
         <name>.debug_info</name>
         <load_address>0x18274</load_address>
         <run_address>0x18274</run_address>
         <size>0x200</size>
         <input_file_ref idref="fl-14f"/>
      </object_component>
      <object_component id="oc-156">
         <name>.debug_info</name>
         <load_address>0x18474</load_address>
         <run_address>0x18474</run_address>
         <size>0x147</size>
         <input_file_ref idref="fl-150"/>
      </object_component>
      <object_component id="oc-6d">
         <name>.debug_info</name>
         <load_address>0x185bb</load_address>
         <run_address>0x185bb</run_address>
         <size>0x148</size>
         <input_file_ref idref="fl-150"/>
      </object_component>
      <object_component id="oc-22c">
         <name>.debug_info</name>
         <load_address>0x18703</load_address>
         <run_address>0x18703</run_address>
         <size>0x5e</size>
         <input_file_ref idref="fl-150"/>
      </object_component>
      <object_component id="oc-154">
         <name>.debug_info</name>
         <load_address>0x18761</load_address>
         <run_address>0x18761</run_address>
         <size>0x29e</size>
         <input_file_ref idref="fl-151"/>
      </object_component>
      <object_component id="oc-65">
         <name>.debug_info</name>
         <load_address>0x189ff</load_address>
         <run_address>0x189ff</run_address>
         <size>0x158</size>
         <input_file_ref idref="fl-151"/>
      </object_component>
      <object_component id="oc-220">
         <name>.debug_info</name>
         <load_address>0x18b57</load_address>
         <run_address>0x18b57</run_address>
         <size>0x39</size>
         <input_file_ref idref="fl-151"/>
      </object_component>
      <object_component id="oc-225">
         <name>.debug_info</name>
         <load_address>0x18b90</load_address>
         <run_address>0x18b90</run_address>
         <size>0xcd</size>
         <input_file_ref idref="fl-151"/>
      </object_component>
      <object_component id="oc-21d">
         <name>.debug_info</name>
         <load_address>0x18c5d</load_address>
         <run_address>0x18c5d</run_address>
         <size>0x1c1</size>
         <input_file_ref idref="fl-152"/>
      </object_component>
      <object_component id="oc-151">
         <name>.debug_info</name>
         <load_address>0x18e1e</load_address>
         <run_address>0x18e1e</run_address>
         <size>0x164</size>
         <input_file_ref idref="fl-152"/>
      </object_component>
      <object_component id="oc-287">
         <name>.debug_info</name>
         <load_address>0x18f82</load_address>
         <run_address>0x18f82</run_address>
         <size>0x2c</size>
         <input_file_ref idref="fl-152"/>
      </object_component>
      <object_component id="oc-245">
         <name>.debug_info</name>
         <load_address>0x18fae</load_address>
         <run_address>0x18fae</run_address>
         <size>0x128</size>
         <input_file_ref idref="fl-155"/>
      </object_component>
      <object_component id="oc-2c0">
         <name>.debug_info</name>
         <load_address>0x190d6</load_address>
         <run_address>0x190d6</run_address>
         <size>0xd5</size>
      </object_component>
      <object_component id="oc-291">
         <name>.debug_line</name>
         <load_address>0x0</load_address>
         <run_address>0x0</run_address>
         <size>0x5a</size>
         <input_file_ref idref="fl-2"/>
      </object_component>
      <object_component id="oc-1b5">
         <name>.debug_line</name>
         <load_address>0x5a</load_address>
         <run_address>0x5a</run_address>
         <size>0x72</size>
         <input_file_ref idref="fl-2"/>
      </object_component>
      <object_component id="oc-1b1">
         <name>.debug_line</name>
         <load_address>0xcc</load_address>
         <run_address>0xcc</run_address>
         <size>0x72</size>
         <input_file_ref idref="fl-2"/>
      </object_component>
      <object_component id="oc-1d6">
         <name>.debug_line</name>
         <load_address>0x13e</load_address>
         <run_address>0x13e</run_address>
         <size>0x72</size>
         <input_file_ref idref="fl-2"/>
      </object_component>
      <object_component id="oc-17e">
         <name>.debug_line</name>
         <load_address>0x1b0</load_address>
         <run_address>0x1b0</run_address>
         <size>0x5a</size>
         <input_file_ref idref="fl-2"/>
      </object_component>
      <object_component id="oc-251">
         <name>.debug_line</name>
         <load_address>0x20a</load_address>
         <run_address>0x20a</run_address>
         <size>0x58</size>
         <input_file_ref idref="fl-2"/>
      </object_component>
      <object_component id="oc-137">
         <name>.debug_line</name>
         <load_address>0x262</load_address>
         <run_address>0x262</run_address>
         <size>0x20</size>
         <input_file_ref idref="fl-2"/>
      </object_component>
      <object_component id="oc-126">
         <name>.debug_line</name>
         <load_address>0x282</load_address>
         <run_address>0x282</run_address>
         <size>0x60</size>
         <input_file_ref idref="fl-2"/>
      </object_component>
      <object_component id="oc-175">
         <name>.debug_line</name>
         <load_address>0x2e2</load_address>
         <run_address>0x2e2</run_address>
         <size>0x20a</size>
         <input_file_ref idref="fl-3"/>
      </object_component>
      <object_component id="oc-1a4">
         <name>.debug_line</name>
         <load_address>0x4ec</load_address>
         <run_address>0x4ec</run_address>
         <size>0x3d</size>
         <input_file_ref idref="fl-3"/>
      </object_component>
      <object_component id="oc-201">
         <name>.debug_line</name>
         <load_address>0x529</load_address>
         <run_address>0x529</run_address>
         <size>0x3d</size>
         <input_file_ref idref="fl-3"/>
      </object_component>
      <object_component id="oc-203">
         <name>.debug_line</name>
         <load_address>0x566</load_address>
         <run_address>0x566</run_address>
         <size>0x3d</size>
         <input_file_ref idref="fl-3"/>
      </object_component>
      <object_component id="oc-1a2">
         <name>.debug_line</name>
         <load_address>0x5a3</load_address>
         <run_address>0x5a3</run_address>
         <size>0x3d</size>
         <input_file_ref idref="fl-3"/>
      </object_component>
      <object_component id="oc-1ef">
         <name>.debug_line</name>
         <load_address>0x5e0</load_address>
         <run_address>0x5e0</run_address>
         <size>0x3d</size>
         <input_file_ref idref="fl-3"/>
      </object_component>
      <object_component id="oc-1cb">
         <name>.debug_line</name>
         <load_address>0x61d</load_address>
         <run_address>0x61d</run_address>
         <size>0x3d</size>
         <input_file_ref idref="fl-3"/>
      </object_component>
      <object_component id="oc-18b">
         <name>.debug_line</name>
         <load_address>0x65a</load_address>
         <run_address>0x65a</run_address>
         <size>0x3d</size>
         <input_file_ref idref="fl-3"/>
      </object_component>
      <object_component id="oc-205">
         <name>.debug_line</name>
         <load_address>0x697</load_address>
         <run_address>0x697</run_address>
         <size>0x3d</size>
         <input_file_ref idref="fl-3"/>
      </object_component>
      <object_component id="oc-1ea">
         <name>.debug_line</name>
         <load_address>0x6d4</load_address>
         <run_address>0x6d4</run_address>
         <size>0x3d</size>
         <input_file_ref idref="fl-3"/>
      </object_component>
      <object_component id="oc-1e8">
         <name>.debug_line</name>
         <load_address>0x711</load_address>
         <run_address>0x711</run_address>
         <size>0x3d</size>
         <input_file_ref idref="fl-3"/>
      </object_component>
      <object_component id="oc-31">
         <name>.debug_line</name>
         <load_address>0x74e</load_address>
         <run_address>0x74e</run_address>
         <size>0xced</size>
         <input_file_ref idref="fl-3"/>
      </object_component>
      <object_component id="oc-179">
         <name>.debug_line</name>
         <load_address>0x143b</load_address>
         <run_address>0x143b</run_address>
         <size>0x55</size>
         <input_file_ref idref="fl-3"/>
      </object_component>
      <object_component id="oc-12b">
         <name>.debug_line</name>
         <load_address>0x1490</load_address>
         <run_address>0x1490</run_address>
         <size>0x60</size>
         <input_file_ref idref="fl-3"/>
      </object_component>
      <object_component id="oc-1a8">
         <name>.debug_line</name>
         <load_address>0x14f0</load_address>
         <run_address>0x14f0</run_address>
         <size>0x3d</size>
         <input_file_ref idref="fl-3"/>
      </object_component>
      <object_component id="oc-188">
         <name>.debug_line</name>
         <load_address>0x152d</load_address>
         <run_address>0x152d</run_address>
         <size>0x65</size>
         <input_file_ref idref="fl-3"/>
      </object_component>
      <object_component id="oc-183">
         <name>.debug_line</name>
         <load_address>0x1592</load_address>
         <run_address>0x1592</run_address>
         <size>0x59</size>
         <input_file_ref idref="fl-3"/>
      </object_component>
      <object_component id="oc-130">
         <name>.debug_line</name>
         <load_address>0x15eb</load_address>
         <run_address>0x15eb</run_address>
         <size>0x3d</size>
         <input_file_ref idref="fl-3"/>
      </object_component>
      <object_component id="oc-121">
         <name>.debug_line</name>
         <load_address>0x1628</load_address>
         <run_address>0x1628</run_address>
         <size>0x20</size>
         <input_file_ref idref="fl-3"/>
      </object_component>
      <object_component id="oc-172">
         <name>.debug_line</name>
         <load_address>0x1648</load_address>
         <run_address>0x1648</run_address>
         <size>0x60</size>
         <input_file_ref idref="fl-3"/>
      </object_component>
      <object_component id="oc-279">
         <name>.debug_line</name>
         <load_address>0x16a8</load_address>
         <run_address>0x16a8</run_address>
         <size>0xe4</size>
         <input_file_ref idref="fl-5"/>
      </object_component>
      <object_component id="oc-10a">
         <name>.debug_line</name>
         <load_address>0x178c</load_address>
         <run_address>0x178c</run_address>
         <size>0x17ba</size>
         <input_file_ref idref="fl-5"/>
      </object_component>
      <object_component id="oc-1fe">
         <name>.debug_line</name>
         <load_address>0x2f46</load_address>
         <run_address>0x2f46</run_address>
         <size>0x64</size>
         <input_file_ref idref="fl-5"/>
      </object_component>
      <object_component id="oc-263">
         <name>.debug_line</name>
         <load_address>0x2faa</load_address>
         <run_address>0x2faa</run_address>
         <size>0x5b</size>
         <input_file_ref idref="fl-6"/>
      </object_component>
      <object_component id="oc-ba">
         <name>.debug_line</name>
         <load_address>0x3005</load_address>
         <run_address>0x3005</run_address>
         <size>0x63b</size>
         <input_file_ref idref="fl-6"/>
      </object_component>
      <object_component id="oc-295">
         <name>.debug_line</name>
         <load_address>0x3640</load_address>
         <run_address>0x3640</run_address>
         <size>0xa6</size>
         <input_file_ref idref="fl-7"/>
      </object_component>
      <object_component id="oc-297">
         <name>.debug_line</name>
         <load_address>0x36e6</load_address>
         <run_address>0x36e6</run_address>
         <size>0x70</size>
         <input_file_ref idref="fl-7"/>
      </object_component>
      <object_component id="oc-1f2">
         <name>.debug_line</name>
         <load_address>0x3756</load_address>
         <run_address>0x3756</run_address>
         <size>0x59e</size>
         <input_file_ref idref="fl-7"/>
      </object_component>
      <object_component id="oc-25f">
         <name>.debug_line</name>
         <load_address>0x3cf4</load_address>
         <run_address>0x3cf4</run_address>
         <size>0x5a</size>
         <input_file_ref idref="fl-8"/>
      </object_component>
      <object_component id="oc-25b">
         <name>.debug_line</name>
         <load_address>0x3d4e</load_address>
         <run_address>0x3d4e</run_address>
         <size>0x59</size>
         <input_file_ref idref="fl-8"/>
      </object_component>
      <object_component id="oc-ad">
         <name>.debug_line</name>
         <load_address>0x3da7</load_address>
         <run_address>0x3da7</run_address>
         <size>0x30c</size>
         <input_file_ref idref="fl-8"/>
      </object_component>
      <object_component id="oc-133">
         <name>.debug_line</name>
         <load_address>0x40b3</load_address>
         <run_address>0x40b3</run_address>
         <size>0x42</size>
         <input_file_ref idref="fl-9"/>
      </object_component>
      <object_component id="oc-37">
         <name>.debug_line</name>
         <load_address>0x40f5</load_address>
         <run_address>0x40f5</run_address>
         <size>0x42</size>
         <input_file_ref idref="fl-9"/>
      </object_component>
      <object_component id="oc-2c">
         <name>.debug_line</name>
         <load_address>0x4137</load_address>
         <run_address>0x4137</run_address>
         <size>0xa2</size>
         <input_file_ref idref="fl-9"/>
      </object_component>
      <object_component id="oc-24c">
         <name>.debug_line</name>
         <load_address>0x41d9</load_address>
         <run_address>0x41d9</run_address>
         <size>0x20</size>
         <input_file_ref idref="fl-a"/>
      </object_component>
      <object_component id="oc-243">
         <name>.debug_line</name>
         <load_address>0x41f9</load_address>
         <run_address>0x41f9</run_address>
         <size>0x56</size>
         <input_file_ref idref="fl-a"/>
      </object_component>
      <object_component id="oc-241">
         <name>.debug_line</name>
         <load_address>0x424f</load_address>
         <run_address>0x424f</run_address>
         <size>0x56</size>
         <input_file_ref idref="fl-a"/>
      </object_component>
      <object_component id="oc-7d">
         <name>.debug_line</name>
         <load_address>0x42a5</load_address>
         <run_address>0x42a5</run_address>
         <size>0x2a7</size>
         <input_file_ref idref="fl-a"/>
      </object_component>
      <object_component id="oc-257">
         <name>.debug_line</name>
         <load_address>0x454c</load_address>
         <run_address>0x454c</run_address>
         <size>0x82</size>
         <input_file_ref idref="fl-12"/>
      </object_component>
      <object_component id="oc-19d">
         <name>.debug_line</name>
         <load_address>0x45ce</load_address>
         <run_address>0x45ce</run_address>
         <size>0xa2</size>
         <input_file_ref idref="fl-12"/>
      </object_component>
      <object_component id="oc-95">
         <name>.debug_line</name>
         <load_address>0x4670</load_address>
         <run_address>0x4670</run_address>
         <size>0x131</size>
         <input_file_ref idref="fl-12"/>
      </object_component>
      <object_component id="oc-259">
         <name>.debug_line</name>
         <load_address>0x47a1</load_address>
         <run_address>0x47a1</run_address>
         <size>0x82</size>
         <input_file_ref idref="fl-13"/>
      </object_component>
      <object_component id="oc-26c">
         <name>.debug_line</name>
         <load_address>0x4823</load_address>
         <run_address>0x4823</run_address>
[...]
         <name>MPU9150I2CIntHandler</name>
         <value>0x3c21</value>
         <object_component_ref idref="oc-30"/>
      </symbol>
      <symbol id="sm-2a2">
         <name>CAN1ItemsVector</name>
         <value>0x20002000</value>
         <object_component_ref idref="oc-b2"/>
      </symbol>
      <symbol id="sm-2a3">
         <name>cGPSHeaders</name>
         <value>0x200038a4</value>
         <object_component_ref idref="oc-111"/>
      </symbol>
      <symbol id="sm-2a4">
         <name>ParseTokenGPS</name>
         <value>0x339d</value>
         <object_component_ref idref="oc-30"/>
      </symbol>
      <symbol id="sm-2a5">
         <name>DAQStop</name>
         <value>0x43b1</value>
         <object_component_ref idref="oc-30"/>
      </symbol>
      <symbol id="sm-2a6">
         <name>SDCardWriteLoggedData</name>
         <value>0x4979</value>
         <object_component_ref idref="oc-30"/>
      </symbol>
      <symbol id="sm-2a7">
         <name>CANConfigure</name>
         <value>0x39a1</value>
         <object_component_ref idref="oc-30"/>
      </symbol>
      <symbol id="sm-4ae">
         <name>f_getfree</name>
         <value>0x2477</value>
         <object_component_ref idref="oc-105"/>
      </symbol>
      <symbol id="sm-4af">
         <name>f_read</name>
         <value>0x1a89</value>
         <object_component_ref idref="oc-105"/>
      </symbol>
      <symbol id="sm-4b0">
         <name>f_unlink</name>
         <value>0x26cd</value>
         <object_component_ref idref="oc-105"/>
      </symbol>
      <symbol id="sm-4b1">
         <name>f_mkdir</name>
         <value>0x27cf</value>
         <object_component_ref idref="oc-105"/>
      </symbol>
      <symbol id="sm-4b2">
         <name>f_chmod</name>
         <value>0x29b5</value>
         <object_component_ref idref="oc-105"/>
      </symbol>
      <symbol id="sm-4b3">
         <name>f_utime</name>
         <value>0x2a45</value>
         <object_component_ref idref="oc-105"/>
      </symbol>
      <symbol id="sm-4b4">
         <name>f_sync</name>
         <value>0x1f81</value>
         <object_component_ref idref="oc-105"/>
      </symbol>
      <symbol id="sm-4b5">
         <name>f_printf</name>
         <value>0x2cfb</value>
         <object_component_ref idref="oc-105"/>
      </symbol>
      <symbol id="sm-4b6">
         <name>clust2sect</name>
         <value>0x4a1</value>
         <object_component_ref idref="oc-105"/>
      </symbol>
      <symbol id="sm-4b7">
         <name>put_fat</name>
         <value>0x5f5</value>
         <object_component_ref idref="oc-105"/>
      </symbol>
      <symbol id="sm-4b8">
         <name>f_write</name>
         <value>0x1cdd</value>
         <object_component_ref idref="oc-105"/>
      </symbol>
      <symbol id="sm-4b9">
         <name>f_opendir</name>
         <value>0x22eb</value>
         <object_component_ref idref="oc-105"/>
      </symbol>
      <symbol id="sm-4ba">
         <name>f_truncate</name>
         <value>0x25d9</value>
         <object_component_ref idref="oc-105"/>
      </symbol>
      <symbol id="sm-4bb">
         <name>f_close</name>
         <value>0x207d</value>
         <object_component_ref idref="oc-105"/>
      </symbol>
      <symbol id="sm-4bc">
         <name>f_rename</name>
         <value>0x2ac9</value>
         <object_component_ref idref="oc-105"/>
      </symbol>
      <symbol id="sm-4bd">
         <name>f_open</name>
         <value>0x1875</value>
         <object_component_ref idref="oc-105"/>
      </symbol>
      <symbol id="sm-4be">
         <name>f_lseek</name>
         <value>0x209d</value>
         <object_component_ref idref="oc-105"/>
      </symbol>
      <symbol id="sm-4bf">
         <name>f_putc</name>
         <value>0x2c89</value>
         <object_component_ref idref="oc-105"/>
      </symbol>
      <symbol id="sm-4c0">
         <name>f_puts</name>
         <value>0x2cc1</value>
         <object_component_ref idref="oc-105"/>
      </symbol>
      <symbol id="sm-4c1">
         <name>f_gets</name>
         <value>0x2c21</value>
         <object_component_ref idref="oc-105"/>
      </symbol>
      <symbol id="sm-4c2">
         <name>f_stat</name>
         <value>0x2427</value>
         <object_component_ref idref="oc-105"/>
      </symbol>
      <symbol id="sm-4c3">
         <name>f_mount</name>
         <value>0x181f</value>
         <object_component_ref idref="oc-105"/>
      </symbol>
      <symbol id="sm-4c4">
         <name>f_readdir</name>
         <value>0x239b</value>
         <object_component_ref idref="oc-105"/>
      </symbol>
      <symbol id="sm-4c5">
         <name>get_fat</name>
         <value>0x4d1</value>
         <object_component_ref idref="oc-105"/>
      </symbol>
      <symbol id="sm-570">
         <name>I2CMWrite8</name>
         <value>0x59cd</value>
         <object_component_ref idref="oc-b5"/>
      </symbol>
      <symbol id="sm-571">
         <name>I2CMRead16BE</name>
         <value>0x5a99</value>
         <object_component_ref idref="oc-b5"/>
      </symbol>
      <symbol id="sm-572">
         <name>I2CMWrite16BE</name>
         <value>0x5b5f</value>
         <object_component_ref idref="oc-b5"/>
      </symbol>
      <symbol id="sm-573">
         <name>I2CMCommand</name>
         <value>0x55b3</value>
         <object_component_ref idref="oc-b5"/>
      </symbol>
      <symbol id="sm-574">
         <name>I2CMReadModifyWrite16LE</name>
         <value>0x58bd</value>
         <object_component_ref idref="oc-b5"/>
      </symbol>
      <symbol id="sm-575">
         <name>I2CMInit</name>
         <value>0x554b</value>
         <object_component_ref idref="oc-b5"/>
      </symbol>
      <symbol id="sm-576">
         <name>I2CMReadModifyWrite8</name>
         <value>0x576d</value>
         <object_component_ref idref="oc-b5"/>
      </symbol>
      <symbol id="sm-577">
         <name>I2CMTransferResume</name>
         <value>0x5697</value>
         <object_component_ref idref="oc-b5"/>
      </symbol>
      <symbol id="sm-578">
         <name>I2CMIntHandler</name>
         <value>0x541f</value>
         <object_component_ref idref="oc-b5"/>
      </symbol>
      <symbol id="sm-631">
         <name>get_fattime</name>
         <value>0x65cf</value>
         <object_component_ref idref="oc-1f0"/>
      </symbol>
      <symbol id="sm-632">
         <name>disk_status</name>
         <value>0x61d1</value>
         <object_component_ref idref="oc-1f0"/>
      </symbol>
      <symbol id="sm-633">
         <name>disk_timerproc</name>
         <value>0x658b</value>
         <object_component_ref idref="oc-1f0"/>
      </symbol>
      <symbol id="sm-634">
         <name>disk_read</name>
         <value>0x61eb</value>
         <object_component_ref idref="oc-1f0"/>
      </symbol>
      <symbol id="sm-635">
         <name>disk_initialize</name>
         <value>0x602d</value>
         <object_component_ref idref="oc-1f0"/>
      </symbol>
      <symbol id="sm-636">
         <name>disk_ioctl</name>
         <value>0x6389</value>
         <object_component_ref idref="oc-1f0"/>
      </symbol>
      <symbol id="sm-637">
         <name>disk_write</name>
         <value>0x629b</value>
         <object_component_ref idref="oc-1f0"/>
      </symbol>
      <symbol id="sm-69d">
         <name>MPU9150DataMagnetoGetFloat</name>
         <value>0x6e81</value>
         <object_component_ref idref="oc-ac"/>
      </symbol>
      <symbol id="sm-69e">
         <name>MPU9150DataMagnetoGetRaw</name>
         <value>0x6e29</value>
         <object_component_ref idref="oc-ac"/>
      </symbol>
      <symbol id="sm-69f">
         <name>MPU9150Write</name>
         <value>0x6a21</value>
         <object_component_ref idref="oc-ac"/>
      </symbol>
      <symbol id="sm-6a0">
         <name>MPU9150MagnetoInstGet</name>
         <value>0x69a3</value>
         <object_component_ref idref="oc-ac"/>
      </symbol>
      <symbol id="sm-6a1">
         <name>MPU9150Init</name>
         <value>0x6911</value>
         <object_component_ref idref="oc-ac"/>
      </symbol>
      <symbol id="sm-6a2">
         <name>MPU9150DataGyroGetRaw</name>
         <value>0x6ccf</value>
         <object_component_ref idref="oc-ac"/>
      </symbol>
      <symbol id="sm-6a3">
         <name>MPU9150DataAccelGetFloat</name>
         <value>0x6c2d</value>
         <object_component_ref idref="oc-ac"/>
      </symbol>
      <symbol id="sm-6a4">
         <name>MPU9150DataRead</name>
         <value>0x6b61</value>
         <object_component_ref idref="oc-ac"/>
      </symbol>
      <symbol id="sm-6a5">
         <name>MPU9150DataAccelGetRaw</name>
         <value>0x6bd5</value>
         <object_component_ref idref="oc-ac"/>
      </symbol>
      <symbol id="sm-6a6">
         <name>MPU9150Read</name>
         <value>0x69b1</value>
         <object_component_ref idref="oc-ac"/>
      </symbol>
      <symbol id="sm-6a7">
         <name>MPU9150ReadModifyWrite</name>
         <value>0x6afb</value>
         <object_component_ref idref="oc-ac"/>
      </symbol>
      <symbol id="sm-6a8">
         <name>MPU9150DataGyroGetFloat</name>
         <value>0x6d27</value>
         <object_component_ref idref="oc-ac"/>
      </symbol>
      <symbol id="sm-6c4">
         <name>ResetISR</name>
         <value>0x8041</value>
         <object_component_ref idref="oc-2a"/>
      </symbol>
      <symbol id="sm-6c5">
         <name>g_pfnVectors</name>
         <value>0x0</value>
         <object_component_ref idref="oc-f"/>
      </symbol>
      <symbol id="sm-72c">
         <name>UARTgetc</name>
         <value>0x70b9</value>
         <object_component_ref idref="oc-7b"/>
      </symbol>
      <symbol id="sm-72d">
         <name>UARTgets</name>
         <value>0x6ff3</value>
         <object_component_ref idref="oc-7b"/>
      </symbol>
      <symbol id="sm-72e">
         <name>UARTStdioConfig</name>
         <value>0x6f41</value>
         <object_component_ref idref="oc-7b"/>
      </symbol>
      <symbol id="sm-72f">
         <name>UARTwrite</name>
         <value>0x6fa1</value>
         <object_component_ref idref="oc-7b"/>
      </symbol>
      <symbol id="sm-730">
         <name>UARTprintf</name>
         <value>0x73e7</value>
         <object_component_ref idref="oc-7b"/>
      </symbol>
      <symbol id="sm-731">
         <name>UARTvprintf</name>
         <value>0x70ed</value>
         <object_component_ref idref="oc-7b"/>
      </symbol>
      <symbol id="sm-75c">
         <name>CANMessageSet</name>
         <value>0x7621</value>
         <object_component_ref idref="oc-91"/>
      </symbol>
      <symbol id="sm-7c6">
         <name>GPIOPinConfigure</name>
         <value>0x7c65</value>
         <object_component_ref idref="oc-c1"/>
      </symbol>
      <symbol id="sm-7c7">
         <name>GPIOPinTypeI2CSCL</name>
         <value>0x7fef</value>
         <object_component_ref idref="oc-c7"/>
      </symbol>
      <symbol id="sm-7c8">
         <name>GPIOIntEnable</name>
         <value>0x801d</value>
         <object_component_ref idref="oc-d9"/>
      </symbol>
      <symbol id="sm-7c9">
         <name>GPIOPinTypeI2C</name>
         <value>0x7fdd</value>
         <object_component_ref idref="oc-cd"/>
      </symbol>
      <symbol id="sm-7ca">
         <name>GPIOIntTypeSet</name>
         <value>0x7b73</value>
         <object_component_ref idref="oc-df"/>
      </symbol>
      <symbol id="sm-7cb">
         <name>GPIOPinTypeGPIOInput</name>
         <value>0x7fcb</value>
         <object_component_ref idref="oc-d3"/>
      </symbol>
      <symbol id="sm-7cc">
         <name>GPIOIntClear</name>
         <value>0x804d</value>
         <object_component_ref idref="oc-a6"/>
      </symbol>
      <symbol id="sm-7cd">
         <name>GPIOIntStatus</name>
         <value>0x8001</value>
         <object_component_ref idref="oc-a0"/>
      </symbol>
      <symbol id="sm-7ce">
         <name>GPIODirModeSet</name>
         <value>0x7f05</value>
         <object_component_ref idref="oc-18c"/>
      </symbol>
      <symbol id="sm-7cf">
         <name>GPIOPadConfigSet</name>
         <value>0x7757</value>
         <object_component_ref idref="oc-192"/>
      </symbol>
      <symbol id="sm-7d0">
         <name>GPIOPinTypeCAN</name>
         <value>0x7fb9</value>
         <object_component_ref idref="oc-8a"/>
      </symbol>
      <symbol id="sm-7df">
         <name>IntTrigger</name>
         <value>0x8029</value>
         <object_component_ref idref="oc-1cc"/>
      </symbol>
      <symbol id="sm-858">
         <name>SysCtlPeripheralEnable</name>
         <value>0x7ed1</value>
         <object_component_ref idref="oc-bb"/>
      </symbol>
      <symbol id="sm-859">
         <name>SysCtlPeripheralDisable</name>
         <value>0x7e9d</value>
         <object_component_ref idref="oc-e6"/>
      </symbol>
      <symbol id="sm-85a">
         <name>SysCtlClockFreqSet</name>
         <value>0x741d</value>
         <object_component_ref idref="oc-115"/>
      </symbol>
      <symbol id="sm-870">
         <name>_c_int00</name>
         <value>0x7bc9</value>
         <object_component_ref idref="oc-24"/>
      </symbol>
      <symbol id="sm-871">
         <name>__stack</name>
         <value>0x20000000</value>
         <object_component_ref idref="oc-29"/>
      </symbol>
      <symbol id="sm-888">
         <name>__TI_decompress_none</name>
         <value>0x800f</value>
         <object_component_ref idref="oc-12"/>
      </symbol>
      <symbol id="sm-8b0">
         <name>__TI_decompress_rle24</name>
         <value>0x8053</value>
         <object_component_ref idref="oc-18"/>
      </symbol>
      <symbol id="sm-8c2">
         <name>__TI_zero_init</name>
         <value>0x8035</value>
         <object_component_ref idref="oc-1e"/>
      </symbol>
      <symbol id="sm-8e1">
         <name>C$$EXIT</name>
         <value>0x7d3d</value>
         <object_component_ref idref="oc-70"/>
      </symbol>
      <symbol id="sm-8e2">
         <name>abort</name>
         <value>0x7d41</value>
         <object_component_ref idref="oc-70"/>
      </symbol>
      <symbol id="sm-8e3">
         <name>exit</name>
         <value>0x7d49</value>
         <object_component_ref idref="oc-70"/>
      </symbol>
      <symbol id="sm-8e4">
         <name>__TI_dtors_ptr</name>
         <value>0x200038f4</value>
         <object_component_ref idref="oc-15a"/>
      </symbol>
      <symbol id="sm-8e5">
         <name>__TI_cleanup_ptr</name>
         <value>0x200038f0</value>
         <object_component_ref idref="oc-15a"/>
      </symbol>
      <symbol id="sm-90a">
         <name>__aeabi_dmul</name>
         <value>0x7889</value>
         <object_component_ref idref="oc-1be"/>
      </symbol>
      <symbol id="sm-917">
         <name>__aeabi_d2f</name>
         <value>0x7cf5</value>
         <object_component_ref idref="oc-1c3"/>
      </symbol>
      <symbol id="sm-925">
         <name>__aeabi_f2d</name>
         <value>0x7dc1</value>
         <object_component_ref idref="oc-fa"/>
      </symbol>
      <symbol id="sm-940">
         <name>memcpy</name>
         <value>0x7985</value>
         <object_component_ref idref="oc-39"/>
      </symbol>
      <symbol id="sm-941">
         <name>__aeabi_memcpy</name>
         <value>0x7985</value>
         <object_component_ref idref="oc-39"/>
      </symbol>
      <symbol id="sm-942">
         <name>__aeabi_memcpy8</name>
         <value>0x7985</value>
         <object_component_ref idref="oc-39"/>
      </symbol>
      <symbol id="sm-943">
         <name>__aeabi_memcpy4</name>
         <value>0x7985</value>
         <object_component_ref idref="oc-39"/>
      </symbol>
      <symbol id="sm-952">
         <name>__aeabi_memset</name>
         <value>0x7a23</value>
         <object_component_ref idref="oc-52"/>
      </symbol>
      <symbol id="sm-953">
         <name>memset</name>
         <value>0x7a29</value>
         <object_component_ref idref="oc-52"/>
      </symbol>
      <symbol id="sm-954">
         <name>__aeabi_memset8</name>
         <value>0x7a23</value>
         <object_component_ref idref="oc-52"/>
      </symbol>
      <symbol id="sm-955">
         <name>__aeabi_memset4</name>
         <value>0x7a23</value>
         <object_component_ref idref="oc-52"/>
      </symbol>
      <symbol id="sm-956">
         <name>__aeabi_memclr8</name>
         <value>0x7a21</value>
         <object_component_ref idref="oc-52"/>
      </symbol>
      <symbol id="sm-957">
         <name>__aeabi_memclr4</name>
         <value>0x7a21</value>
         <object_component_ref idref="oc-52"/>
      </symbol>
      <symbol id="sm-958">
         <name>__aeabi_memclr</name>
         <value>0x7a21</value>
         <object_component_ref idref="oc-52"/>
      </symbol>
      <symbol id="sm-962">
         <name>_system_pre_init</name>
         <value>0x8059</value>
         <object_component_ref idref="oc-5e"/>
      </symbol>
      <symbol id="sm-96b">
         <name>main_func_sp</name>
         <value>0x20003900</value>
         <object_component_ref idref="oc-76"/>
      </symbol>
      <symbol id="sm-97a">
         <name>strcmp</name>
         <value>0x7f8d</value>
         <object_component_ref idref="oc-f4"/>
      </symbol>
      <symbol id="sm-98c">
         <name>__aeabi_uidivmod</name>
         <value>0x7d81</value>
         <object_component_ref idref="oc-168"/>
      </symbol>
      <symbol id="sm-98d">
         <name>__aeabi_uidiv</name>
         <value>0x7d81</value>
         <object_component_ref idref="oc-168"/>
      </symbol>
      <symbol id="sm-9ad">
         <name>_nop</name>
         <value>0x7fb3</value>
         <object_component_ref idref="oc-231"/>
      </symbol>
      <symbol id="sm-9ae">
         <name>_lock</name>
         <value>0x200038e8</value>
         <object_component_ref idref="oc-157"/>
      </symbol>
      <symbol id="sm-9af">
         <name>_unlock</name>
         <value>0x200038ec</value>
         <object_component_ref idref="oc-157"/>
      </symbol>
      <symbol id="sm-9b0">
         <name>_register_lock</name>
         <value>0x7fab</value>
         <object_component_ref idref="oc-231"/>
      </symbol>
      <symbol id="sm-9b1">
         <name>_register_unlock</name>
         <value>0x7fa5</value>
         <object_component_ref idref="oc-231"/>
      </symbol>
      <symbol id="sm-9c6">
         <name>_args_main</name>
         <value>0x7f75</value>
         <object_component_ref idref="oc-6a"/>
      </symbol>
      <symbol id="sm-9ec">
         <name>__TI_auto_init</name>
         <value>0x7a9d</value>
         <object_component_ref idref="oc-64"/>
      </symbol>
      <symbol id="sm-a06">
         <name>copy_in</name>
         <value>0x7c19</value>
         <object_component_ref idref="oc-14d"/>
      </symbol>
      <symbol id="sm-a12">
         <name>__aeabi_idiv0</name>
         <value>0x7a9b</value>
         <object_component_ref idref="oc-244"/>
      </symbol>
      <symbol id="sm-a15">
         <name>__TI_static_base__</name>
         <value>0x0</value>
      </symbol>
      <symbol id="sm-a18">
         <name>SHT$$INIT_ARRAY$$Limit</name>
         <value>0x0</value>
      </symbol>
      <symbol id="sm-a19">
         <name>SHT$$INIT_ARRAY$$Base</name>
         <value>0x0</value>
      </symbol>
   </symbol_table>
   <title>Link successful</title>
</link_info>
